Archive member included to satisfy reference by file (symbol)

D:\CrossIDE\lib\gcc\arm-none-eabi\6.3.1\thumb\v6-m\libgcc.a(_divsi3.o)
                              main.o (__aeabi_idiv)
D:\CrossIDE\lib\gcc\arm-none-eabi\6.3.1\thumb\v6-m\libgcc.a(_dvmd_tls.o)
                              D:\CrossIDE\lib\gcc\arm-none-eabi\6.3.1\thumb\v6-m\libgcc.a(_divsi3.o) (__aeabi_idiv0)
D:\CrossIDE\lib\gcc\arm-none-eabi\6.3.1\thumb\v6-m\libgcc.a(_arm_cmpsf2.o)
                              main.o (__aeabi_fcmpgt)
D:\CrossIDE\lib\gcc\arm-none-eabi\6.3.1\thumb\v6-m\libgcc.a(divsf3.o)
                              main.o (__aeabi_fdiv)
D:\CrossIDE\lib\gcc\arm-none-eabi\6.3.1\thumb\v6-m\libgcc.a(eqsf2.o)
                              D:\CrossIDE\lib\gcc\arm-none-eabi\6.3.1\thumb\v6-m\libgcc.a(_arm_cmpsf2.o) (__eqsf2)
D:\CrossIDE\lib\gcc\arm-none-eabi\6.3.1\thumb\v6-m\libgcc.a(gesf2.o)
                              D:\CrossIDE\lib\gcc\arm-none-eabi\6.3.1\thumb\v6-m\libgcc.a(_arm_cmpsf2.o) (__gesf2)
D:\CrossIDE\lib\gcc\arm-none-eabi\6.3.1\thumb\v6-m\libgcc.a(lesf2.o)
                              D:\CrossIDE\lib\gcc\arm-none-eabi\6.3.1\thumb\v6-m\libgcc.a(_arm_cmpsf2.o) (__lesf2)
D:\CrossIDE\lib\gcc\arm-none-eabi\6.3.1\thumb\v6-m\libgcc.a(divdf3.o)
                              main.o (__aeabi_ddiv)
D:\CrossIDE\lib\gcc\arm-none-eabi\6.3.1\thumb\v6-m\libgcc.a(floatsidf.o)
                              main.o (__aeabi_i2d)
D:\CrossIDE\lib\gcc\arm-none-eabi\6.3.1\thumb\v6-m\libgcc.a(truncdfsf2.o)
                              main.o (__aeabi_d2f)
D:\CrossIDE\lib\gcc\arm-none-eabi\6.3.1\thumb\v6-m\libgcc.a(_udivsi3.o)
                              D:\CrossIDE\lib\gcc\arm-none-eabi\6.3.1\thumb\v6-m\libgcc.a(divdf3.o) (__aeabi_uidiv)
D:\CrossIDE\lib\gcc\arm-none-eabi\6.3.1\thumb\v6-m\libgcc.a(_clzsi2.o)
                              D:\CrossIDE\lib\gcc\arm-none-eabi\6.3.1\thumb\v6-m\libgcc.a(divsf3.o) (__clzsi2)
D:\CrossIDE\arm-none-eabi\lib\thumb\v6-m\libc_nano.a(lib_a-fflush.o)
                              main.o (fflush)
D:\CrossIDE\arm-none-eabi\lib\thumb\v6-m\libc_nano.a(lib_a-findfp.o)
                              D:\CrossIDE\arm-none-eabi\lib\thumb\v6-m\libc_nano.a(lib_a-fflush.o) (__sinit)
D:\CrossIDE\arm-none-eabi\lib\thumb\v6-m\libc_nano.a(lib_a-fwalk.o)
                              D:\CrossIDE\arm-none-eabi\lib\thumb\v6-m\libc_nano.a(lib_a-findfp.o) (_fwalk)
D:\CrossIDE\arm-none-eabi\lib\thumb\v6-m\libc_nano.a(lib_a-impure.o)
                              D:\CrossIDE\arm-none-eabi\lib\thumb\v6-m\libc_nano.a(lib_a-fflush.o) (_global_impure_ptr)
D:\CrossIDE\arm-none-eabi\lib\thumb\v6-m\libc_nano.a(lib_a-memset.o)
                              D:\CrossIDE\arm-none-eabi\lib\thumb\v6-m\libc_nano.a(lib_a-findfp.o) (memset)
D:\CrossIDE\arm-none-eabi\lib\thumb\v6-m\libc_nano.a(lib_a-nano-freer.o)
                              D:\CrossIDE\arm-none-eabi\lib\thumb\v6-m\libc_nano.a(lib_a-fflush.o) (_free_r)
D:\CrossIDE\arm-none-eabi\lib\thumb\v6-m\libc_nano.a(lib_a-nano-mallocr.o)
                              D:\CrossIDE\arm-none-eabi\lib\thumb\v6-m\libc_nano.a(lib_a-findfp.o) (_malloc_r)
D:\CrossIDE\arm-none-eabi\lib\thumb\v6-m\libc_nano.a(lib_a-printf.o)
                              main.o (printf)
D:\CrossIDE\arm-none-eabi\lib\thumb\v6-m\libc_nano.a(lib_a-putchar.o)
                              main.o (putchar)
D:\CrossIDE\arm-none-eabi\lib\thumb\v6-m\libc_nano.a(lib_a-reent.o)
                              newlib_stubs.o (errno)
D:\CrossIDE\arm-none-eabi\lib\thumb\v6-m\libc_nano.a(lib_a-rget.o)
                              main.o (__srget_r)
D:\CrossIDE\arm-none-eabi\lib\thumb\v6-m\libc_nano.a(lib_a-sbrkr.o)
                              D:\CrossIDE\arm-none-eabi\lib\thumb\v6-m\libc_nano.a(lib_a-nano-mallocr.o) (_sbrk_r)
D:\CrossIDE\arm-none-eabi\lib\thumb\v6-m\libc_nano.a(lib_a-stdio.o)
                              D:\CrossIDE\arm-none-eabi\lib\thumb\v6-m\libc_nano.a(lib_a-findfp.o) (__sread)
D:\CrossIDE\arm-none-eabi\lib\thumb\v6-m\libc_nano.a(lib_a-strcmp.o)
                              main.o (strcmp)
D:\CrossIDE\arm-none-eabi\lib\thumb\v6-m\libc_nano.a(lib_a-writer.o)
                              D:\CrossIDE\arm-none-eabi\lib\thumb\v6-m\libc_nano.a(lib_a-stdio.o) (_write_r)
D:\CrossIDE\arm-none-eabi\lib\thumb\v6-m\libc_nano.a(lib_a-closer.o)
                              D:\CrossIDE\arm-none-eabi\lib\thumb\v6-m\libc_nano.a(lib_a-stdio.o) (_close_r)
D:\CrossIDE\arm-none-eabi\lib\thumb\v6-m\libc_nano.a(lib_a-lseekr.o)
                              D:\CrossIDE\arm-none-eabi\lib\thumb\v6-m\libc_nano.a(lib_a-stdio.o) (_lseek_r)
D:\CrossIDE\arm-none-eabi\lib\thumb\v6-m\libc_nano.a(lib_a-mlock.o)
                              D:\CrossIDE\arm-none-eabi\lib\thumb\v6-m\libc_nano.a(lib_a-nano-freer.o) (__malloc_lock)
D:\CrossIDE\arm-none-eabi\lib\thumb\v6-m\libc_nano.a(lib_a-nano-vfprintf.o)
                              D:\CrossIDE\arm-none-eabi\lib\thumb\v6-m\libc_nano.a(lib_a-printf.o) (_vfprintf_r)
D:\CrossIDE\arm-none-eabi\lib\thumb\v6-m\libc_nano.a(lib_a-nano-vfprintf_i.o)
                              D:\CrossIDE\arm-none-eabi\lib\thumb\v6-m\libc_nano.a(lib_a-nano-vfprintf.o) (_printf_i)
D:\CrossIDE\arm-none-eabi\lib\thumb\v6-m\libc_nano.a(lib_a-putc.o)
                              D:\CrossIDE\arm-none-eabi\lib\thumb\v6-m\libc_nano.a(lib_a-putchar.o) (_putc_r)
D:\CrossIDE\arm-none-eabi\lib\thumb\v6-m\libc_nano.a(lib_a-readr.o)
                              D:\CrossIDE\arm-none-eabi\lib\thumb\v6-m\libc_nano.a(lib_a-stdio.o) (_read_r)
D:\CrossIDE\arm-none-eabi\lib\thumb\v6-m\libc_nano.a(lib_a-refill.o)
                              D:\CrossIDE\arm-none-eabi\lib\thumb\v6-m\libc_nano.a(lib_a-rget.o) (__srefill_r)
D:\CrossIDE\arm-none-eabi\lib\thumb\v6-m\libc_nano.a(lib_a-wbuf.o)
                              D:\CrossIDE\arm-none-eabi\lib\thumb\v6-m\libc_nano.a(lib_a-nano-vfprintf.o) (__swbuf_r)
D:\CrossIDE\arm-none-eabi\lib\thumb\v6-m\libc_nano.a(lib_a-wsetup.o)
                              D:\CrossIDE\arm-none-eabi\lib\thumb\v6-m\libc_nano.a(lib_a-nano-vfprintf.o) (__swsetup_r)
D:\CrossIDE\arm-none-eabi\lib\thumb\v6-m\libc_nano.a(lib_a-fvwrite.o)
                              D:\CrossIDE\arm-none-eabi\lib\thumb\v6-m\libc_nano.a(lib_a-nano-vfprintf.o) (__sfvwrite_r)
D:\CrossIDE\arm-none-eabi\lib\thumb\v6-m\libc_nano.a(lib_a-makebuf.o)
                              D:\CrossIDE\arm-none-eabi\lib\thumb\v6-m\libc_nano.a(lib_a-refill.o) (__smakebuf_r)
D:\CrossIDE\arm-none-eabi\lib\thumb\v6-m\libc_nano.a(lib_a-memchr-stub.o)
                              D:\CrossIDE\arm-none-eabi\lib\thumb\v6-m\libc_nano.a(lib_a-nano-vfprintf.o) (memchr)
D:\CrossIDE\arm-none-eabi\lib\thumb\v6-m\libc_nano.a(lib_a-memcpy-stub.o)
                              D:\CrossIDE\arm-none-eabi\lib\thumb\v6-m\libc_nano.a(lib_a-fvwrite.o) (memcpy)
D:\CrossIDE\arm-none-eabi\lib\thumb\v6-m\libc_nano.a(lib_a-memmove.o)
                              D:\CrossIDE\arm-none-eabi\lib\thumb\v6-m\libc_nano.a(lib_a-fvwrite.o) (memmove)
D:\CrossIDE\arm-none-eabi\lib\thumb\v6-m\libc_nano.a(lib_a-nano-reallocr.o)
                              D:\CrossIDE\arm-none-eabi\lib\thumb\v6-m\libc_nano.a(lib_a-fvwrite.o) (_realloc_r)
D:\CrossIDE\arm-none-eabi\lib\thumb\v6-m\libc_nano.a(lib_a-fstatr.o)
                              D:\CrossIDE\arm-none-eabi\lib\thumb\v6-m\libc_nano.a(lib_a-makebuf.o) (_fstat_r)
D:\CrossIDE\arm-none-eabi\lib\thumb\v6-m\libc_nano.a(lib_a-isattyr.o)
                              D:\CrossIDE\arm-none-eabi\lib\thumb\v6-m\libc_nano.a(lib_a-makebuf.o) (_isatty_r)
D:\CrossIDE\arm-none-eabi\lib\thumb\v6-m\libc_nano.a(lib_a-nano-msizer.o)
                              D:\CrossIDE\arm-none-eabi\lib\thumb\v6-m\libc_nano.a(lib_a-nano-reallocr.o) (_malloc_usable_size_r)

Allocating common symbols
Common symbol       size              file

errno               0x4               D:\CrossIDE\arm-none-eabi\lib\thumb\v6-m\libc_nano.a(lib_a-reent.o)
forwards            0x4               main.o

Memory Configuration

Name             Origin             Length             Attributes
flash            0x00000000         0x00008000
ram              0x10000000         0x00002000
*default*        0x00000000         0xffffffff

Linker script and memory map

LOAD init.o
LOAD main.o
LOAD serial.o
LOAD newlib_stubs.o
LOAD D:\CrossIDE\lib\gcc\arm-none-eabi\6.3.1\thumb\v6-m\libgcc.a
                0x00000400                stack_size = 0x400
                0x00000400                heap_size = 0x400
                [!provide]                PROVIDE (_stack_start, (ORIGIN (ram) + LENGTH (ram)))
                [!provide]                PROVIDE (_stack_end, (_stack_start - stack_size))
                [!provide]                PROVIDE (_heap_start, (_stack_end - heap_size))
START GROUP
LOAD D:\CrossIDE\lib\gcc\arm-none-eabi\6.3.1\thumb\v6-m\libgcc.a
LOAD D:\CrossIDE\arm-none-eabi\lib\thumb\v6-m\libc_nano.a
LOAD D:\CrossIDE\arm-none-eabi\lib\thumb\v6-m\libm.a
END GROUP
                0x00000000                . = ORIGIN (flash)

.vectors        0x00000000       0xc0
 *o(.vectors_)
 .vectors       0x00000000       0xc0 init.o
                0x00000000                Vectors

.text           0x000000c0     0x3c1b
                0x000000c0                . = ALIGN (0x4)
                0x000000c0                _start_text = .
 *(.text)
 .text          0x000000c0       0xe4 init.o
                0x000000c0                clock_init
                0x00000114                init
                0x0000018c                Default_Handler
                0x00000192                Test_Handler
 .text          0x000001a4      0xd6c main.o
                0x000001a4                ConfigPins
                0x00000264                ADC_Calibration
                0x0000029c                getsn
                0x00000344                InitADC
                0x000003c4                ReadADC
                0x000003f8                InitMRTimers
                0x00000468                delay
                0x00000484                MRT_IRQ_Handler
                0x00000528                getReading
                0x00000600                main
                0x00000860                pickmeup
                0x00000a3c                GetPeriod
                0x00000b34                wait_1ms
                0x00000b74                waitms
                0x00000b94                forward
                0x00000bc8                backward
                0x00000bfc                spin
                0x00000c30                stop
                0x00000c64                turnaround
                0x00000dc8                manualcontrol
 .text          0x00000f10      0x370 serial.o
                0x00000f10                initUART
                0x00000fec                UART0_isr
                0x00001024                putBuf
                0x0000106c                getBuf
                0x000010be                rx_count
                0x000010d0                eputc
                0x00001114                eputs
                0x0000113e                egetc
                0x00001158                egets
                0x000011d4                printString
                0x000011f8                PrintNumber
 .text          0x00001280      0x2c8 newlib_stubs.o
                0x00001280                _exit
                0x0000128a                _close
                0x0000129e                _execve
                0x000012c0                _fork
                0x000012d8                _fstat
                0x000012f4                _getpid
                0x00001300                _isatty
                0x00001328                _kill
                0x00001348                _link
                0x00001368                _lseek
                0x0000137e                _sbrk
                0x000013f4                _read
                0x0000145c                _stat
                0x00001478                _times
                0x0000148c                _unlink
                0x000014ac                _wait
                0x000014cc                _write
 .text          0x00001548      0x1d4 D:\CrossIDE\lib\gcc\arm-none-eabi\6.3.1\thumb\v6-m\libgcc.a(_divsi3.o)
                0x00001548                __divsi3
                0x00001548                __aeabi_idiv
                0x00001714                __aeabi_idivmod
 .text          0x0000171c        0x4 D:\CrossIDE\lib\gcc\arm-none-eabi\6.3.1\thumb\v6-m\libgcc.a(_dvmd_tls.o)
                0x0000171c                __aeabi_idiv0
                0x0000171c                __aeabi_ldiv0
 .text          0x00001720       0x74 D:\CrossIDE\lib\gcc\arm-none-eabi\6.3.1\thumb\v6-m\libgcc.a(_arm_cmpsf2.o)
                0x00001720                __aeabi_cfrcmple
                0x00001728                __aeabi_cfcmpeq
                0x00001728                __aeabi_cfcmple
                0x00001738                __aeabi_fcmpeq
                0x00001744                __aeabi_fcmplt
                0x00001758                __aeabi_fcmple
                0x0000176c                __aeabi_fcmpgt
                0x00001780                __aeabi_fcmpge
 .text          0x00001794      0x290 D:\CrossIDE\lib\gcc\arm-none-eabi\6.3.1\thumb\v6-m\libgcc.a(divsf3.o)
                0x00001794                __aeabi_fdiv
 .text          0x00001a24       0x4c D:\CrossIDE\lib\gcc\arm-none-eabi\6.3.1\thumb\v6-m\libgcc.a(eqsf2.o)
                0x00001a24                __eqsf2
                0x00001a24                __nesf2
 .text          0x00001a70       0x80 D:\CrossIDE\lib\gcc\arm-none-eabi\6.3.1\thumb\v6-m\libgcc.a(gesf2.o)
                0x00001a70                __gesf2
                0x00001a70                __gtsf2
 .text          0x00001af0       0x84 D:\CrossIDE\lib\gcc\arm-none-eabi\6.3.1\thumb\v6-m\libgcc.a(lesf2.o)
                0x00001af0                __ltsf2
                0x00001af0                __lesf2
 .text          0x00001b74      0x668 D:\CrossIDE\lib\gcc\arm-none-eabi\6.3.1\thumb\v6-m\libgcc.a(divdf3.o)
                0x00001b74                __aeabi_ddiv
 .text          0x000021dc       0x84 D:\CrossIDE\lib\gcc\arm-none-eabi\6.3.1\thumb\v6-m\libgcc.a(floatsidf.o)
                0x000021dc                __aeabi_i2d
 .text          0x00002260      0x114 D:\CrossIDE\lib\gcc\arm-none-eabi\6.3.1\thumb\v6-m\libgcc.a(truncdfsf2.o)
                0x00002260                __aeabi_d2f
 .text          0x00002374      0x114 D:\CrossIDE\lib\gcc\arm-none-eabi\6.3.1\thumb\v6-m\libgcc.a(_udivsi3.o)
                0x00002374                __aeabi_uidiv
                0x00002374                __udivsi3
                0x00002480                __aeabi_uidivmod
 .text          0x00002488       0x3c D:\CrossIDE\lib\gcc\arm-none-eabi\6.3.1\thumb\v6-m\libgcc.a(_clzsi2.o)
                0x00002488                __clzsi2
 .text          0x000024c4        0x0 D:\CrossIDE\arm-none-eabi\lib\thumb\v6-m\libc_nano.a(lib_a-fflush.o)
 .text          0x000024c4        0x0 D:\CrossIDE\arm-none-eabi\lib\thumb\v6-m\libc_nano.a(lib_a-findfp.o)
 .text          0x000024c4        0x0 D:\CrossIDE\arm-none-eabi\lib\thumb\v6-m\libc_nano.a(lib_a-fwalk.o)
 .text          0x000024c4        0x0 D:\CrossIDE\arm-none-eabi\lib\thumb\v6-m\libc_nano.a(lib_a-impure.o)
 .text          0x000024c4        0x0 D:\CrossIDE\arm-none-eabi\lib\thumb\v6-m\libc_nano.a(lib_a-memset.o)
 .text          0x000024c4        0x0 D:\CrossIDE\arm-none-eabi\lib\thumb\v6-m\libc_nano.a(lib_a-nano-freer.o)
 .text          0x000024c4        0x0 D:\CrossIDE\arm-none-eabi\lib\thumb\v6-m\libc_nano.a(lib_a-nano-mallocr.o)
 .text          0x000024c4        0x0 D:\CrossIDE\arm-none-eabi\lib\thumb\v6-m\libc_nano.a(lib_a-printf.o)
 .text          0x000024c4        0x0 D:\CrossIDE\arm-none-eabi\lib\thumb\v6-m\libc_nano.a(lib_a-putchar.o)
 .text          0x000024c4        0x0 D:\CrossIDE\arm-none-eabi\lib\thumb\v6-m\libc_nano.a(lib_a-reent.o)
 .text          0x000024c4        0x0 D:\CrossIDE\arm-none-eabi\lib\thumb\v6-m\libc_nano.a(lib_a-rget.o)
 .text          0x000024c4        0x0 D:\CrossIDE\arm-none-eabi\lib\thumb\v6-m\libc_nano.a(lib_a-sbrkr.o)
 .text          0x000024c4        0x0 D:\CrossIDE\arm-none-eabi\lib\thumb\v6-m\libc_nano.a(lib_a-stdio.o)
 .text          0x000024c4       0x14 D:\CrossIDE\arm-none-eabi\lib\thumb\v6-m\libc_nano.a(lib_a-strcmp.o)
                0x000024c4                strcmp
 .text          0x000024d8        0x0 D:\CrossIDE\arm-none-eabi\lib\thumb\v6-m\libc_nano.a(lib_a-writer.o)
 .text          0x000024d8        0x0 D:\CrossIDE\arm-none-eabi\lib\thumb\v6-m\libc_nano.a(lib_a-closer.o)
 .text          0x000024d8        0x0 D:\CrossIDE\arm-none-eabi\lib\thumb\v6-m\libc_nano.a(lib_a-lseekr.o)
 .text          0x000024d8        0x0 D:\CrossIDE\arm-none-eabi\lib\thumb\v6-m\libc_nano.a(lib_a-mlock.o)
 .text          0x000024d8        0x0 D:\CrossIDE\arm-none-eabi\lib\thumb\v6-m\libc_nano.a(lib_a-nano-vfprintf.o)
 .text          0x000024d8        0x0 D:\CrossIDE\arm-none-eabi\lib\thumb\v6-m\libc_nano.a(lib_a-nano-vfprintf_i.o)
 .text          0x000024d8        0x0 D:\CrossIDE\arm-none-eabi\lib\thumb\v6-m\libc_nano.a(lib_a-putc.o)
 .text          0x000024d8        0x0 D:\CrossIDE\arm-none-eabi\lib\thumb\v6-m\libc_nano.a(lib_a-readr.o)
 .text          0x000024d8        0x0 D:\CrossIDE\arm-none-eabi\lib\thumb\v6-m\libc_nano.a(lib_a-refill.o)
 .text          0x000024d8        0x0 D:\CrossIDE\arm-none-eabi\lib\thumb\v6-m\libc_nano.a(lib_a-wbuf.o)
 .text          0x000024d8        0x0 D:\CrossIDE\arm-none-eabi\lib\thumb\v6-m\libc_nano.a(lib_a-wsetup.o)
 .text          0x000024d8        0x0 D:\CrossIDE\arm-none-eabi\lib\thumb\v6-m\libc_nano.a(lib_a-fvwrite.o)
 .text          0x000024d8        0x0 D:\CrossIDE\arm-none-eabi\lib\thumb\v6-m\libc_nano.a(lib_a-makebuf.o)
 .text          0x000024d8        0x0 D:\CrossIDE\arm-none-eabi\lib\thumb\v6-m\libc_nano.a(lib_a-memchr-stub.o)
 .text          0x000024d8        0x0 D:\CrossIDE\arm-none-eabi\lib\thumb\v6-m\libc_nano.a(lib_a-memcpy-stub.o)
 .text          0x000024d8        0x0 D:\CrossIDE\arm-none-eabi\lib\thumb\v6-m\libc_nano.a(lib_a-memmove.o)
 .text          0x000024d8        0x0 D:\CrossIDE\arm-none-eabi\lib\thumb\v6-m\libc_nano.a(lib_a-nano-reallocr.o)
 .text          0x000024d8        0x0 D:\CrossIDE\arm-none-eabi\lib\thumb\v6-m\libc_nano.a(lib_a-fstatr.o)
 .text          0x000024d8        0x0 D:\CrossIDE\arm-none-eabi\lib\thumb\v6-m\libc_nano.a(lib_a-isattyr.o)
 .text          0x000024d8        0x0 D:\CrossIDE\arm-none-eabi\lib\thumb\v6-m\libc_nano.a(lib_a-nano-msizer.o)
 *(.text*)
 .text.__sflush_r
                0x000024d8      0x114 D:\CrossIDE\arm-none-eabi\lib\thumb\v6-m\libc_nano.a(lib_a-fflush.o)
                0x000024d8                __sflush_r
 .text._fflush_r
                0x000025ec       0x58 D:\CrossIDE\arm-none-eabi\lib\thumb\v6-m\libc_nano.a(lib_a-fflush.o)
                0x000025ec                _fflush_r
 .text.fflush   0x00002644       0x28 D:\CrossIDE\arm-none-eabi\lib\thumb\v6-m\libc_nano.a(lib_a-fflush.o)
                0x00002644                fflush
 .text.__fp_unlock
                0x0000266c        0x4 D:\CrossIDE\arm-none-eabi\lib\thumb\v6-m\libc_nano.a(lib_a-findfp.o)
 .text._cleanup_r
                0x00002670       0x10 D:\CrossIDE\arm-none-eabi\lib\thumb\v6-m\libc_nano.a(lib_a-findfp.o)
                0x00002670                _cleanup_r
 .text.std.isra.0
                0x00002680       0x48 D:\CrossIDE\arm-none-eabi\lib\thumb\v6-m\libc_nano.a(lib_a-findfp.o)
 .text.__fp_lock
                0x000026c8        0x4 D:\CrossIDE\arm-none-eabi\lib\thumb\v6-m\libc_nano.a(lib_a-findfp.o)
 .text.__sfmoreglue
                0x000026cc       0x2c D:\CrossIDE\arm-none-eabi\lib\thumb\v6-m\libc_nano.a(lib_a-findfp.o)
                0x000026cc                __sfmoreglue
 .text._cleanup
                0x000026f8       0x10 D:\CrossIDE\arm-none-eabi\lib\thumb\v6-m\libc_nano.a(lib_a-findfp.o)
                0x000026f8                _cleanup
 .text.__sinit  0x00002708       0x68 D:\CrossIDE\arm-none-eabi\lib\thumb\v6-m\libc_nano.a(lib_a-findfp.o)
                0x00002708                __sinit
 .text.__sfp    0x00002770       0x80 D:\CrossIDE\arm-none-eabi\lib\thumb\v6-m\libc_nano.a(lib_a-findfp.o)
                0x00002770                __sfp
 .text.__sfp_lock_acquire
                0x000027f0        0x2 D:\CrossIDE\arm-none-eabi\lib\thumb\v6-m\libc_nano.a(lib_a-findfp.o)
                0x000027f0                __sfp_lock_acquire
 .text.__sfp_lock_release
                0x000027f2        0x2 D:\CrossIDE\arm-none-eabi\lib\thumb\v6-m\libc_nano.a(lib_a-findfp.o)
                0x000027f2                __sfp_lock_release
 .text.__sinit_lock_acquire
                0x000027f4        0x2 D:\CrossIDE\arm-none-eabi\lib\thumb\v6-m\libc_nano.a(lib_a-findfp.o)
                0x000027f4                __sinit_lock_acquire
 .text.__sinit_lock_release
                0x000027f6        0x2 D:\CrossIDE\arm-none-eabi\lib\thumb\v6-m\libc_nano.a(lib_a-findfp.o)
                0x000027f6                __sinit_lock_release
 .text.__fp_lock_all
                0x000027f8       0x18 D:\CrossIDE\arm-none-eabi\lib\thumb\v6-m\libc_nano.a(lib_a-findfp.o)
                0x000027f8                __fp_lock_all
 .text.__fp_unlock_all
                0x00002810       0x18 D:\CrossIDE\arm-none-eabi\lib\thumb\v6-m\libc_nano.a(lib_a-findfp.o)
                0x00002810                __fp_unlock_all
 .text._fwalk   0x00002828       0x38 D:\CrossIDE\arm-none-eabi\lib\thumb\v6-m\libc_nano.a(lib_a-fwalk.o)
                0x00002828                _fwalk
 .text._fwalk_reent
                0x00002860       0x42 D:\CrossIDE\arm-none-eabi\lib\thumb\v6-m\libc_nano.a(lib_a-fwalk.o)
                0x00002860                _fwalk_reent
 .text.memset   0x000028a2       0x10 D:\CrossIDE\arm-none-eabi\lib\thumb\v6-m\libc_nano.a(lib_a-memset.o)
                0x000028a2                memset
 *fill*         0x000028b2        0x2 
 .text._free_r  0x000028b4       0x94 D:\CrossIDE\arm-none-eabi\lib\thumb\v6-m\libc_nano.a(lib_a-nano-freer.o)
                0x000028b4                _free_r
 .text._malloc_r
                0x00002948       0xbc D:\CrossIDE\arm-none-eabi\lib\thumb\v6-m\libc_nano.a(lib_a-nano-mallocr.o)
                0x00002948                _malloc_r
 .text._printf_r
                0x00002a04       0x28 D:\CrossIDE\arm-none-eabi\lib\thumb\v6-m\libc_nano.a(lib_a-printf.o)
                0x00002a04                _iprintf_r
                0x00002a04                _printf_r
 .text.printf   0x00002a2c       0x34 D:\CrossIDE\arm-none-eabi\lib\thumb\v6-m\libc_nano.a(lib_a-printf.o)
                0x00002a2c                iprintf
                0x00002a2c                printf
 .text._putchar_r
                0x00002a60       0x20 D:\CrossIDE\arm-none-eabi\lib\thumb\v6-m\libc_nano.a(lib_a-putchar.o)
                0x00002a60                _putchar_r
 .text.putchar  0x00002a80       0x28 D:\CrossIDE\arm-none-eabi\lib\thumb\v6-m\libc_nano.a(lib_a-putchar.o)
                0x00002a80                putchar
 .text.cleanup_glue
                0x00002aa8       0x1a D:\CrossIDE\arm-none-eabi\lib\thumb\v6-m\libc_nano.a(lib_a-reent.o)
                0x00002aa8                cleanup_glue
 *fill*         0x00002ac2        0x2 
 .text._reclaim_reent
                0x00002ac4       0xcc D:\CrossIDE\arm-none-eabi\lib\thumb\v6-m\libc_nano.a(lib_a-reent.o)
                0x00002ac4                _reclaim_reent
 .text.__srget_r
                0x00002b90       0x60 D:\CrossIDE\arm-none-eabi\lib\thumb\v6-m\libc_nano.a(lib_a-rget.o)
                0x00002b90                __srget_r
 .text.__srget  0x00002bf0       0x14 D:\CrossIDE\arm-none-eabi\lib\thumb\v6-m\libc_nano.a(lib_a-rget.o)
                0x00002bf0                __srget
 .text._sbrk_r  0x00002c04       0x24 D:\CrossIDE\arm-none-eabi\lib\thumb\v6-m\libc_nano.a(lib_a-sbrkr.o)
                0x00002c04                _sbrk_r
 .text.__sread  0x00002c28       0x28 D:\CrossIDE\arm-none-eabi\lib\thumb\v6-m\libc_nano.a(lib_a-stdio.o)
                0x00002c28                __sread
 .text.__seofread
                0x00002c50        0x4 D:\CrossIDE\arm-none-eabi\lib\thumb\v6-m\libc_nano.a(lib_a-stdio.o)
                0x00002c50                __seofread
 .text.__swrite
                0x00002c54       0x38 D:\CrossIDE\arm-none-eabi\lib\thumb\v6-m\libc_nano.a(lib_a-stdio.o)
                0x00002c54                __swrite
 .text.__sseek  0x00002c8c       0x2c D:\CrossIDE\arm-none-eabi\lib\thumb\v6-m\libc_nano.a(lib_a-stdio.o)
                0x00002c8c                __sseek
 .text.__sclose
                0x00002cb8        0xc D:\CrossIDE\arm-none-eabi\lib\thumb\v6-m\libc_nano.a(lib_a-stdio.o)
                0x00002cb8                __sclose
 .text._write_r
                0x00002cc4       0x28 D:\CrossIDE\arm-none-eabi\lib\thumb\v6-m\libc_nano.a(lib_a-writer.o)
                0x00002cc4                _write_r
 .text._close_r
                0x00002cec       0x24 D:\CrossIDE\arm-none-eabi\lib\thumb\v6-m\libc_nano.a(lib_a-closer.o)
                0x00002cec                _close_r
 .text._lseek_r
                0x00002d10       0x28 D:\CrossIDE\arm-none-eabi\lib\thumb\v6-m\libc_nano.a(lib_a-lseekr.o)
                0x00002d10                _lseek_r
 .text.__malloc_lock
                0x00002d38        0x2 D:\CrossIDE\arm-none-eabi\lib\thumb\v6-m\libc_nano.a(lib_a-mlock.o)
                0x00002d38                __malloc_lock
 .text.__malloc_unlock
                0x00002d3a        0x2 D:\CrossIDE\arm-none-eabi\lib\thumb\v6-m\libc_nano.a(lib_a-mlock.o)
                0x00002d3a                __malloc_unlock
 .text.__sfputc_r
                0x00002d3c       0x2a D:\CrossIDE\arm-none-eabi\lib\thumb\v6-m\libc_nano.a(lib_a-nano-vfprintf.o)
 .text.__sfputs_r
                0x00002d66       0x24 D:\CrossIDE\arm-none-eabi\lib\thumb\v6-m\libc_nano.a(lib_a-nano-vfprintf.o)
                0x00002d66                __sfputs_r
 .text.__sprint_r
                0x00002d8a       0x1c D:\CrossIDE\arm-none-eabi\lib\thumb\v6-m\libc_nano.a(lib_a-nano-vfprintf.o)
                0x00002d8a                __sprint_r
 *fill*         0x00002da6        0x2 
 .text._vfprintf_r
                0x00002da8      0x238 D:\CrossIDE\arm-none-eabi\lib\thumb\v6-m\libc_nano.a(lib_a-nano-vfprintf.o)
                0x00002da8                _vfprintf_r
                0x00002da8                _vfiprintf_r
 .text.vfprintf
                0x00002fe0       0x18 D:\CrossIDE\arm-none-eabi\lib\thumb\v6-m\libc_nano.a(lib_a-nano-vfprintf.o)
                0x00002fe0                vfprintf
                0x00002fe0                vfiprintf
 .text._printf_common
                0x00002ff8       0xda D:\CrossIDE\arm-none-eabi\lib\thumb\v6-m\libc_nano.a(lib_a-nano-vfprintf_i.o)
                0x00002ff8                _printf_common
 *fill*         0x000030d2        0x2 
 .text._printf_i
                0x000030d4      0x234 D:\CrossIDE\arm-none-eabi\lib\thumb\v6-m\libc_nano.a(lib_a-nano-vfprintf_i.o)
                0x000030d4                _printf_i
 .text._putc_r  0x00003308       0x6c D:\CrossIDE\arm-none-eabi\lib\thumb\v6-m\libc_nano.a(lib_a-putc.o)
                0x00003308                _putc_r
 .text.putc     0x00003374       0x14 D:\CrossIDE\arm-none-eabi\lib\thumb\v6-m\libc_nano.a(lib_a-putc.o)
                0x00003374                putc
 .text._read_r  0x00003388       0x28 D:\CrossIDE\arm-none-eabi\lib\thumb\v6-m\libc_nano.a(lib_a-readr.o)
                0x00003388                _read_r
 .text.lflush   0x000033b0       0x18 D:\CrossIDE\arm-none-eabi\lib\thumb\v6-m\libc_nano.a(lib_a-refill.o)
 .text.__srefill_r
                0x000033c8      0x120 D:\CrossIDE\arm-none-eabi\lib\thumb\v6-m\libc_nano.a(lib_a-refill.o)
                0x000033c8                __srefill_r
 .text.__swbuf_r
                0x000034e8       0xac D:\CrossIDE\arm-none-eabi\lib\thumb\v6-m\libc_nano.a(lib_a-wbuf.o)
                0x000034e8                __swbuf_r
 .text.__swbuf  0x00003594       0x14 D:\CrossIDE\arm-none-eabi\lib\thumb\v6-m\libc_nano.a(lib_a-wbuf.o)
                0x00003594                __swbuf
 .text.__swsetup_r
                0x000035a8       0xec D:\CrossIDE\arm-none-eabi\lib\thumb\v6-m\libc_nano.a(lib_a-wsetup.o)
                0x000035a8                __swsetup_r
 .text.__sfvwrite_r
                0x00003694      0x2c4 D:\CrossIDE\arm-none-eabi\lib\thumb\v6-m\libc_nano.a(lib_a-fvwrite.o)
                0x00003694                __sfvwrite_r
 .text.__swhatbuf_r
                0x00003958       0x50 D:\CrossIDE\arm-none-eabi\lib\thumb\v6-m\libc_nano.a(lib_a-makebuf.o)
                0x00003958                __swhatbuf_r
 .text.__smakebuf_r
                0x000039a8       0x88 D:\CrossIDE\arm-none-eabi\lib\thumb\v6-m\libc_nano.a(lib_a-makebuf.o)
                0x000039a8                __smakebuf_r
 .text.memchr   0x00003a30       0x16 D:\CrossIDE\arm-none-eabi\lib\thumb\v6-m\libc_nano.a(lib_a-memchr-stub.o)
                0x00003a30                memchr
 .text.memcpy   0x00003a46       0x12 D:\CrossIDE\arm-none-eabi\lib\thumb\v6-m\libc_nano.a(lib_a-memcpy-stub.o)
                0x00003a46                memcpy
 .text.memmove  0x00003a58       0x24 D:\CrossIDE\arm-none-eabi\lib\thumb\v6-m\libc_nano.a(lib_a-memmove.o)
                0x00003a58                memmove
 .text._realloc_r
                0x00003a7c       0x4c D:\CrossIDE\arm-none-eabi\lib\thumb\v6-m\libc_nano.a(lib_a-nano-reallocr.o)
                0x00003a7c                _realloc_r
 .text._fstat_r
                0x00003ac8       0x24 D:\CrossIDE\arm-none-eabi\lib\thumb\v6-m\libc_nano.a(lib_a-fstatr.o)
                0x00003ac8                _fstat_r
 .text._isatty_r
                0x00003aec       0x24 D:\CrossIDE\arm-none-eabi\lib\thumb\v6-m\libc_nano.a(lib_a-isattyr.o)
                0x00003aec                _isatty_r
 .text._malloc_usable_size_r
                0x00003b10       0x10 D:\CrossIDE\arm-none-eabi\lib\thumb\v6-m\libc_nano.a(lib_a-nano-msizer.o)
                0x00003b10                _malloc_usable_size_r
 *(.rodata)
 .rodata        0x00003b20       0x16 init.o
 *fill*         0x00003b36        0x2 
 .rodata        0x00003b38       0x2a main.o
 *fill*         0x00003b62        0x2 
 .rodata        0x00003b64        0x3 serial.o
 *fill*         0x00003b67        0x1 
 .rodata        0x00003b68       0x1a newlib_stubs.o
 *fill*         0x00003b82        0x2 
 .rodata        0x00003b84       0x80 D:\CrossIDE\lib\gcc\arm-none-eabi\6.3.1\thumb\v6-m\libgcc.a(divsf3.o)
 .rodata        0x00003c04       0x40 D:\CrossIDE\lib\gcc\arm-none-eabi\6.3.1\thumb\v6-m\libgcc.a(divdf3.o)
 *(.rodata*)
 .rodata.__sf_fake_stderr
                0x00003c44       0x20 D:\CrossIDE\arm-none-eabi\lib\thumb\v6-m\libc_nano.a(lib_a-findfp.o)
                0x00003c44                __sf_fake_stderr
 .rodata.__sf_fake_stdin
                0x00003c64       0x20 D:\CrossIDE\arm-none-eabi\lib\thumb\v6-m\libc_nano.a(lib_a-findfp.o)
                0x00003c64                __sf_fake_stdin
 .rodata.__sf_fake_stdout
                0x00003c84       0x20 D:\CrossIDE\arm-none-eabi\lib\thumb\v6-m\libc_nano.a(lib_a-findfp.o)
                0x00003c84                __sf_fake_stdout
 .rodata._global_impure_ptr
                0x00003ca4        0x4 D:\CrossIDE\arm-none-eabi\lib\thumb\v6-m\libc_nano.a(lib_a-impure.o)
                0x00003ca4                _global_impure_ptr
 .rodata._vfprintf_r.str1.1
                0x00003ca8       0x11 D:\CrossIDE\arm-none-eabi\lib\thumb\v6-m\libc_nano.a(lib_a-nano-vfprintf.o)
 .rodata._printf_i.str1.1
                0x00003cb9       0x22 D:\CrossIDE\arm-none-eabi\lib\thumb\v6-m\libc_nano.a(lib_a-nano-vfprintf_i.o)
                0x00003cdb                _end_text = .

.glue_7         0x00003cdc        0x0
 .glue_7        0x00003cdc        0x0 linker stubs

.glue_7t        0x00003cdc        0x0
 .glue_7t       0x00003cdc        0x0 linker stubs

.vfp11_veneer   0x00003cdc        0x0
 .vfp11_veneer  0x00003cdc        0x0 linker stubs

.v4_bx          0x00003cdc        0x0
 .v4_bx         0x00003cdc        0x0 linker stubs

.iplt           0x00003cdc        0x0
 .iplt          0x00003cdc        0x0 init.o

.rel.dyn        0x00003cdc        0x0
 .rel.iplt      0x00003cdc        0x0 init.o

.ARM.extab
 *(.ARM.extab* .gnu.linkonce.armextab.*)
                0x00003cdc                __exidx_start = .

.ARM.exidx
 *(.ARM.exidx* .gnu.linkonce.armexidx.*)
                0x00003cdc                __exidx_end = .
                0x10000000                . = ORIGIN (ram)
                0x10000000                . = ALIGN (0x4)

.data           0x10000000       0x7c load address 0x00003cdb
                0x00003cdb                INIT_DATA_VALUES = LOADADDR (.data)
                0x10000000                INIT_DATA_START = .
 *(.data)
 .data          0x10000000        0x0 init.o
 .data          0x10000000        0x0 main.o
 .data          0x10000000       0x11 serial.o
                0x10000000                HexDigit
 *fill*         0x10000011        0x3 
 .data          0x10000014        0x4 newlib_stubs.o
                0x10000014                environ
 .data          0x10000018        0x0 D:\CrossIDE\lib\gcc\arm-none-eabi\6.3.1\thumb\v6-m\libgcc.a(_divsi3.o)
 .data          0x10000018        0x0 D:\CrossIDE\lib\gcc\arm-none-eabi\6.3.1\thumb\v6-m\libgcc.a(_dvmd_tls.o)
 .data          0x10000018        0x0 D:\CrossIDE\lib\gcc\arm-none-eabi\6.3.1\thumb\v6-m\libgcc.a(_arm_cmpsf2.o)
 .data          0x10000018        0x0 D:\CrossIDE\lib\gcc\arm-none-eabi\6.3.1\thumb\v6-m\libgcc.a(divsf3.o)
 .data          0x10000018        0x0 D:\CrossIDE\lib\gcc\arm-none-eabi\6.3.1\thumb\v6-m\libgcc.a(eqsf2.o)
 .data          0x10000018        0x0 D:\CrossIDE\lib\gcc\arm-none-eabi\6.3.1\thumb\v6-m\libgcc.a(gesf2.o)
 .data          0x10000018        0x0 D:\CrossIDE\lib\gcc\arm-none-eabi\6.3.1\thumb\v6-m\libgcc.a(lesf2.o)
 .data          0x10000018        0x0 D:\CrossIDE\lib\gcc\arm-none-eabi\6.3.1\thumb\v6-m\libgcc.a(divdf3.o)
 .data          0x10000018        0x0 D:\CrossIDE\lib\gcc\arm-none-eabi\6.3.1\thumb\v6-m\libgcc.a(floatsidf.o)
 .data          0x10000018        0x0 D:\CrossIDE\lib\gcc\arm-none-eabi\6.3.1\thumb\v6-m\libgcc.a(truncdfsf2.o)
 .data          0x10000018        0x0 D:\CrossIDE\lib\gcc\arm-none-eabi\6.3.1\thumb\v6-m\libgcc.a(_udivsi3.o)
 .data          0x10000018        0x0 D:\CrossIDE\lib\gcc\arm-none-eabi\6.3.1\thumb\v6-m\libgcc.a(_clzsi2.o)
 .data          0x10000018        0x0 D:\CrossIDE\arm-none-eabi\lib\thumb\v6-m\libc_nano.a(lib_a-fflush.o)
 .data          0x10000018        0x0 D:\CrossIDE\arm-none-eabi\lib\thumb\v6-m\libc_nano.a(lib_a-findfp.o)
 .data          0x10000018        0x0 D:\CrossIDE\arm-none-eabi\lib\thumb\v6-m\libc_nano.a(lib_a-fwalk.o)
 .data          0x10000018        0x0 D:\CrossIDE\arm-none-eabi\lib\thumb\v6-m\libc_nano.a(lib_a-impure.o)
 .data          0x10000018        0x0 D:\CrossIDE\arm-none-eabi\lib\thumb\v6-m\libc_nano.a(lib_a-memset.o)
 .data          0x10000018        0x0 D:\CrossIDE\arm-none-eabi\lib\thumb\v6-m\libc_nano.a(lib_a-nano-freer.o)
 .data          0x10000018        0x0 D:\CrossIDE\arm-none-eabi\lib\thumb\v6-m\libc_nano.a(lib_a-nano-mallocr.o)
 .data          0x10000018        0x0 D:\CrossIDE\arm-none-eabi\lib\thumb\v6-m\libc_nano.a(lib_a-printf.o)
 .data          0x10000018        0x0 D:\CrossIDE\arm-none-eabi\lib\thumb\v6-m\libc_nano.a(lib_a-putchar.o)
 .data          0x10000018        0x0 D:\CrossIDE\arm-none-eabi\lib\thumb\v6-m\libc_nano.a(lib_a-reent.o)
 .data          0x10000018        0x0 D:\CrossIDE\arm-none-eabi\lib\thumb\v6-m\libc_nano.a(lib_a-rget.o)
 .data          0x10000018        0x0 D:\CrossIDE\arm-none-eabi\lib\thumb\v6-m\libc_nano.a(lib_a-sbrkr.o)
 .data          0x10000018        0x0 D:\CrossIDE\arm-none-eabi\lib\thumb\v6-m\libc_nano.a(lib_a-stdio.o)
 .data          0x10000018        0x0 D:\CrossIDE\arm-none-eabi\lib\thumb\v6-m\libc_nano.a(lib_a-strcmp.o)
 .data          0x10000018        0x0 D:\CrossIDE\arm-none-eabi\lib\thumb\v6-m\libc_nano.a(lib_a-writer.o)
 .data          0x10000018        0x0 D:\CrossIDE\arm-none-eabi\lib\thumb\v6-m\libc_nano.a(lib_a-closer.o)
 .data          0x10000018        0x0 D:\CrossIDE\arm-none-eabi\lib\thumb\v6-m\libc_nano.a(lib_a-lseekr.o)
 .data          0x10000018        0x0 D:\CrossIDE\arm-none-eabi\lib\thumb\v6-m\libc_nano.a(lib_a-mlock.o)
 .data          0x10000018        0x0 D:\CrossIDE\arm-none-eabi\lib\thumb\v6-m\libc_nano.a(lib_a-nano-vfprintf.o)
 .data          0x10000018        0x0 D:\CrossIDE\arm-none-eabi\lib\thumb\v6-m\libc_nano.a(lib_a-nano-vfprintf_i.o)
 .data          0x10000018        0x0 D:\CrossIDE\arm-none-eabi\lib\thumb\v6-m\libc_nano.a(lib_a-putc.o)
 .data          0x10000018        0x0 D:\CrossIDE\arm-none-eabi\lib\thumb\v6-m\libc_nano.a(lib_a-readr.o)
 .data          0x10000018        0x0 D:\CrossIDE\arm-none-eabi\lib\thumb\v6-m\libc_nano.a(lib_a-refill.o)
 .data          0x10000018        0x0 D:\CrossIDE\arm-none-eabi\lib\thumb\v6-m\libc_nano.a(lib_a-wbuf.o)
 .data          0x10000018        0x0 D:\CrossIDE\arm-none-eabi\lib\thumb\v6-m\libc_nano.a(lib_a-wsetup.o)
 .data          0x10000018        0x0 D:\CrossIDE\arm-none-eabi\lib\thumb\v6-m\libc_nano.a(lib_a-fvwrite.o)
 .data          0x10000018        0x0 D:\CrossIDE\arm-none-eabi\lib\thumb\v6-m\libc_nano.a(lib_a-makebuf.o)
 .data          0x10000018        0x0 D:\CrossIDE\arm-none-eabi\lib\thumb\v6-m\libc_nano.a(lib_a-memchr-stub.o)
 .data          0x10000018        0x0 D:\CrossIDE\arm-none-eabi\lib\thumb\v6-m\libc_nano.a(lib_a-memcpy-stub.o)
 .data          0x10000018        0x0 D:\CrossIDE\arm-none-eabi\lib\thumb\v6-m\libc_nano.a(lib_a-memmove.o)
 .data          0x10000018        0x0 D:\CrossIDE\arm-none-eabi\lib\thumb\v6-m\libc_nano.a(lib_a-nano-reallocr.o)
 .data          0x10000018        0x0 D:\CrossIDE\arm-none-eabi\lib\thumb\v6-m\libc_nano.a(lib_a-fstatr.o)
 .data          0x10000018        0x0 D:\CrossIDE\arm-none-eabi\lib\thumb\v6-m\libc_nano.a(lib_a-isattyr.o)
 .data          0x10000018        0x0 D:\CrossIDE\arm-none-eabi\lib\thumb\v6-m\libc_nano.a(lib_a-nano-msizer.o)
 *(.data*)
 .data._impure_ptr
                0x10000018        0x4 D:\CrossIDE\arm-none-eabi\lib\thumb\v6-m\libc_nano.a(lib_a-impure.o)
                0x10000018                _impure_ptr
 .data.impure_data
                0x1000001c       0x60 D:\CrossIDE\arm-none-eabi\lib\thumb\v6-m\libc_nano.a(lib_a-impure.o)
                0x1000007c                INIT_DATA_END = .

.igot.plt       0x1000007c        0x0 load address 0x00003d57
 .igot.plt      0x1000007c        0x0 init.o
                0x1000007c                . = ALIGN (0x4)
                0x1000007c                BSS_START = .

.bss            0x1000007c       0x7c load address 0x00003d57
                0x1000007c                __bss_start__ = .
 *(.bss)
 .bss           0x1000007c        0x0 init.o
 .bss           0x1000007c       0x48 main.o
                0x1000007c                pwm_count
                0x10000080                pwm_count2
                0x10000084                flag
                0x10000088                ArmPWM1
                0x1000008c                ArmPWM2
                0x10000090                counter
                0x10000094                state
                0x10000098                coindetected
                0x1000009c                perimeterdetected
                0x100000a0                counter_turn
                0x100000a4                state_turn
                0x100000a8                pwm_count_turn
                0x100000ac                wheels
                0x100000b0                spin_dir
                0x100000b4                coins
                0x100000b8                raveisover
                0x100000bc                ma
                0x100000c0                jedsflag
 .bss           0x100000c4       0x1c serial.o
 .bss           0x100000e0        0x8 newlib_stubs.o
                0x100000e0                __env
 .bss           0x100000e8        0x0 D:\CrossIDE\lib\gcc\arm-none-eabi\6.3.1\thumb\v6-m\libgcc.a(_divsi3.o)
 .bss           0x100000e8        0x0 D:\CrossIDE\lib\gcc\arm-none-eabi\6.3.1\thumb\v6-m\libgcc.a(_dvmd_tls.o)
 .bss           0x100000e8        0x0 D:\CrossIDE\lib\gcc\arm-none-eabi\6.3.1\thumb\v6-m\libgcc.a(_arm_cmpsf2.o)
 .bss           0x100000e8        0x0 D:\CrossIDE\lib\gcc\arm-none-eabi\6.3.1\thumb\v6-m\libgcc.a(divsf3.o)
 .bss           0x100000e8        0x0 D:\CrossIDE\lib\gcc\arm-none-eabi\6.3.1\thumb\v6-m\libgcc.a(eqsf2.o)
 .bss           0x100000e8        0x0 D:\CrossIDE\lib\gcc\arm-none-eabi\6.3.1\thumb\v6-m\libgcc.a(gesf2.o)
 .bss           0x100000e8        0x0 D:\CrossIDE\lib\gcc\arm-none-eabi\6.3.1\thumb\v6-m\libgcc.a(lesf2.o)
 .bss           0x100000e8        0x0 D:\CrossIDE\lib\gcc\arm-none-eabi\6.3.1\thumb\v6-m\libgcc.a(divdf3.o)
 .bss           0x100000e8        0x0 D:\CrossIDE\lib\gcc\arm-none-eabi\6.3.1\thumb\v6-m\libgcc.a(floatsidf.o)
 .bss           0x100000e8        0x0 D:\CrossIDE\lib\gcc\arm-none-eabi\6.3.1\thumb\v6-m\libgcc.a(truncdfsf2.o)
 .bss           0x100000e8        0x0 D:\CrossIDE\lib\gcc\arm-none-eabi\6.3.1\thumb\v6-m\libgcc.a(_udivsi3.o)
 .bss           0x100000e8        0x0 D:\CrossIDE\lib\gcc\arm-none-eabi\6.3.1\thumb\v6-m\libgcc.a(_clzsi2.o)
 .bss           0x100000e8        0x0 D:\CrossIDE\arm-none-eabi\lib\thumb\v6-m\libc_nano.a(lib_a-fflush.o)
 .bss           0x100000e8        0x0 D:\CrossIDE\arm-none-eabi\lib\thumb\v6-m\libc_nano.a(lib_a-findfp.o)
 .bss           0x100000e8        0x0 D:\CrossIDE\arm-none-eabi\lib\thumb\v6-m\libc_nano.a(lib_a-fwalk.o)
 .bss           0x100000e8        0x0 D:\CrossIDE\arm-none-eabi\lib\thumb\v6-m\libc_nano.a(lib_a-impure.o)
 .bss           0x100000e8        0x0 D:\CrossIDE\arm-none-eabi\lib\thumb\v6-m\libc_nano.a(lib_a-memset.o)
 .bss           0x100000e8        0x0 D:\CrossIDE\arm-none-eabi\lib\thumb\v6-m\libc_nano.a(lib_a-nano-freer.o)
 .bss           0x100000e8        0x0 D:\CrossIDE\arm-none-eabi\lib\thumb\v6-m\libc_nano.a(lib_a-nano-mallocr.o)
 .bss           0x100000e8        0x0 D:\CrossIDE\arm-none-eabi\lib\thumb\v6-m\libc_nano.a(lib_a-printf.o)
 .bss           0x100000e8        0x0 D:\CrossIDE\arm-none-eabi\lib\thumb\v6-m\libc_nano.a(lib_a-putchar.o)
 .bss           0x100000e8        0x0 D:\CrossIDE\arm-none-eabi\lib\thumb\v6-m\libc_nano.a(lib_a-reent.o)
 .bss           0x100000e8        0x0 D:\CrossIDE\arm-none-eabi\lib\thumb\v6-m\libc_nano.a(lib_a-rget.o)
 .bss           0x100000e8        0x0 D:\CrossIDE\arm-none-eabi\lib\thumb\v6-m\libc_nano.a(lib_a-sbrkr.o)
 .bss           0x100000e8        0x0 D:\CrossIDE\arm-none-eabi\lib\thumb\v6-m\libc_nano.a(lib_a-stdio.o)
 .bss           0x100000e8        0x0 D:\CrossIDE\arm-none-eabi\lib\thumb\v6-m\libc_nano.a(lib_a-strcmp.o)
 .bss           0x100000e8        0x0 D:\CrossIDE\arm-none-eabi\lib\thumb\v6-m\libc_nano.a(lib_a-writer.o)
 .bss           0x100000e8        0x0 D:\CrossIDE\arm-none-eabi\lib\thumb\v6-m\libc_nano.a(lib_a-closer.o)
 .bss           0x100000e8        0x0 D:\CrossIDE\arm-none-eabi\lib\thumb\v6-m\libc_nano.a(lib_a-lseekr.o)
 .bss           0x100000e8        0x0 D:\CrossIDE\arm-none-eabi\lib\thumb\v6-m\libc_nano.a(lib_a-mlock.o)
 .bss           0x100000e8        0x0 D:\CrossIDE\arm-none-eabi\lib\thumb\v6-m\libc_nano.a(lib_a-nano-vfprintf.o)
 .bss           0x100000e8        0x0 D:\CrossIDE\arm-none-eabi\lib\thumb\v6-m\libc_nano.a(lib_a-nano-vfprintf_i.o)
 .bss           0x100000e8        0x0 D:\CrossIDE\arm-none-eabi\lib\thumb\v6-m\libc_nano.a(lib_a-putc.o)
 .bss           0x100000e8        0x0 D:\CrossIDE\arm-none-eabi\lib\thumb\v6-m\libc_nano.a(lib_a-readr.o)
 .bss           0x100000e8        0x0 D:\CrossIDE\arm-none-eabi\lib\thumb\v6-m\libc_nano.a(lib_a-refill.o)
 .bss           0x100000e8        0x0 D:\CrossIDE\arm-none-eabi\lib\thumb\v6-m\libc_nano.a(lib_a-wbuf.o)
 .bss           0x100000e8        0x0 D:\CrossIDE\arm-none-eabi\lib\thumb\v6-m\libc_nano.a(lib_a-wsetup.o)
 .bss           0x100000e8        0x0 D:\CrossIDE\arm-none-eabi\lib\thumb\v6-m\libc_nano.a(lib_a-fvwrite.o)
 .bss           0x100000e8        0x0 D:\CrossIDE\arm-none-eabi\lib\thumb\v6-m\libc_nano.a(lib_a-makebuf.o)
 .bss           0x100000e8        0x0 D:\CrossIDE\arm-none-eabi\lib\thumb\v6-m\libc_nano.a(lib_a-memchr-stub.o)
 .bss           0x100000e8        0x0 D:\CrossIDE\arm-none-eabi\lib\thumb\v6-m\libc_nano.a(lib_a-memcpy-stub.o)
 .bss           0x100000e8        0x0 D:\CrossIDE\arm-none-eabi\lib\thumb\v6-m\libc_nano.a(lib_a-memmove.o)
 .bss           0x100000e8        0x0 D:\CrossIDE\arm-none-eabi\lib\thumb\v6-m\libc_nano.a(lib_a-nano-reallocr.o)
 .bss           0x100000e8        0x0 D:\CrossIDE\arm-none-eabi\lib\thumb\v6-m\libc_nano.a(lib_a-fstatr.o)
 .bss           0x100000e8        0x0 D:\CrossIDE\arm-none-eabi\lib\thumb\v6-m\libc_nano.a(lib_a-isattyr.o)
 .bss           0x100000e8        0x0 D:\CrossIDE\arm-none-eabi\lib\thumb\v6-m\libc_nano.a(lib_a-nano-msizer.o)
 *(.bss*)
 .bss.__malloc_free_list
                0x100000e8        0x4 D:\CrossIDE\arm-none-eabi\lib\thumb\v6-m\libc_nano.a(lib_a-nano-mallocr.o)
                0x100000e8                __malloc_free_list
 .bss.__malloc_sbrk_start
                0x100000ec        0x4 D:\CrossIDE\arm-none-eabi\lib\thumb\v6-m\libc_nano.a(lib_a-nano-mallocr.o)
                0x100000ec                __malloc_sbrk_start
 *(COMMON)
 COMMON         0x100000f0        0x4 main.o
                0x100000f0                forwards
 COMMON         0x100000f4        0x4 D:\CrossIDE\arm-none-eabi\lib\thumb\v6-m\libc_nano.a(lib_a-reent.o)
                0x100000f4                errno
                0x100000f8                _ebss = .
                0x100000f8                __bss_end__ = .
                0x100000f8                BSS_END = .
OUTPUT(main.elf elf32-littlearm)

.debug_info     0x00000000     0x208e
 .debug_info    0x00000000      0x125 init.o
 .debug_info    0x00000125      0xd31 main.o
 .debug_info    0x00000e56      0x2f2 serial.o
 .debug_info    0x00001148      0xf46 newlib_stubs.o

.debug_abbrev   0x00000000      0x829
 .debug_abbrev  0x00000000       0xdf init.o
 .debug_abbrev  0x000000df      0x35e main.o
 .debug_abbrev  0x0000043d      0x17f serial.o
 .debug_abbrev  0x000005bc      0x26d newlib_stubs.o

.debug_aranges  0x00000000       0x80
 .debug_aranges
                0x00000000       0x20 init.o
 .debug_aranges
                0x00000020       0x20 main.o
 .debug_aranges
                0x00000040       0x20 serial.o
 .debug_aranges
                0x00000060       0x20 newlib_stubs.o

.debug_line     0x00000000      0x693
 .debug_line    0x00000000       0x5b init.o
 .debug_line    0x0000005b      0x376 main.o
 .debug_line    0x000003d1       0xbd serial.o
 .debug_line    0x0000048e      0x205 newlib_stubs.o

.debug_str      0x00000000      0xa25
 .debug_str     0x00000000      0x13f init.o
                                0x156 (size before relaxing)
 .debug_str     0x0000013f      0x5f5 main.o
                                0x729 (size before relaxing)
 .debug_str     0x00000734       0xac serial.o
                                0x19a (size before relaxing)
 .debug_str     0x000007e0      0x245 newlib_stubs.o
                                0x7c2 (size before relaxing)

.comment        0x00000000       0x7f
 .comment       0x00000000       0x7f init.o
                                 0x80 (size before relaxing)
 .comment       0x0000007f       0x80 main.o
 .comment       0x0000007f       0x80 serial.o
 .comment       0x0000007f       0x80 newlib_stubs.o

.ARM.attributes
                0x00000000       0x2f
 .ARM.attributes
                0x00000000       0x31 init.o
 .ARM.attributes
                0x00000031       0x31 main.o
 .ARM.attributes
                0x00000062       0x31 serial.o
 .ARM.attributes
                0x00000093       0x31 newlib_stubs.o
 .ARM.attributes
                0x000000c4       0x1e D:\CrossIDE\lib\gcc\arm-none-eabi\6.3.1\thumb\v6-m\libgcc.a(_divsi3.o)
 .ARM.attributes
                0x000000e2       0x1e D:\CrossIDE\lib\gcc\arm-none-eabi\6.3.1\thumb\v6-m\libgcc.a(_dvmd_tls.o)
 .ARM.attributes
                0x00000100       0x1e D:\CrossIDE\lib\gcc\arm-none-eabi\6.3.1\thumb\v6-m\libgcc.a(_arm_cmpsf2.o)
 .ARM.attributes
                0x0000011e       0x2c D:\CrossIDE\lib\gcc\arm-none-eabi\6.3.1\thumb\v6-m\libgcc.a(divsf3.o)
 .ARM.attributes
                0x0000014a       0x2c D:\CrossIDE\lib\gcc\arm-none-eabi\6.3.1\thumb\v6-m\libgcc.a(eqsf2.o)
 .ARM.attributes
                0x00000176       0x2c D:\CrossIDE\lib\gcc\arm-none-eabi\6.3.1\thumb\v6-m\libgcc.a(gesf2.o)
 .ARM.attributes
                0x000001a2       0x2c D:\CrossIDE\lib\gcc\arm-none-eabi\6.3.1\thumb\v6-m\libgcc.a(lesf2.o)
 .ARM.attributes
                0x000001ce       0x2c D:\CrossIDE\lib\gcc\arm-none-eabi\6.3.1\thumb\v6-m\libgcc.a(divdf3.o)
 .ARM.attributes
                0x000001fa       0x2c D:\CrossIDE\lib\gcc\arm-none-eabi\6.3.1\thumb\v6-m\libgcc.a(floatsidf.o)
 .ARM.attributes
                0x00000226       0x2c D:\CrossIDE\lib\gcc\arm-none-eabi\6.3.1\thumb\v6-m\libgcc.a(truncdfsf2.o)
 .ARM.attributes
                0x00000252       0x1e D:\CrossIDE\lib\gcc\arm-none-eabi\6.3.1\thumb\v6-m\libgcc.a(_udivsi3.o)
 .ARM.attributes
                0x00000270       0x1e D:\CrossIDE\lib\gcc\arm-none-eabi\6.3.1\thumb\v6-m\libgcc.a(_clzsi2.o)
 .ARM.attributes
                0x0000028e       0x2c D:\CrossIDE\arm-none-eabi\lib\thumb\v6-m\libc_nano.a(lib_a-fflush.o)
 .ARM.attributes
                0x000002ba       0x2c D:\CrossIDE\arm-none-eabi\lib\thumb\v6-m\libc_nano.a(lib_a-findfp.o)
 .ARM.attributes
                0x000002e6       0x2c D:\CrossIDE\arm-none-eabi\lib\thumb\v6-m\libc_nano.a(lib_a-fwalk.o)
 .ARM.attributes
                0x00000312       0x2c D:\CrossIDE\arm-none-eabi\lib\thumb\v6-m\libc_nano.a(lib_a-impure.o)
 .ARM.attributes
                0x0000033e       0x2c D:\CrossIDE\arm-none-eabi\lib\thumb\v6-m\libc_nano.a(lib_a-memset.o)
 .ARM.attributes
                0x0000036a       0x2c D:\CrossIDE\arm-none-eabi\lib\thumb\v6-m\libc_nano.a(lib_a-nano-freer.o)
 .ARM.attributes
                0x00000396       0x2c D:\CrossIDE\arm-none-eabi\lib\thumb\v6-m\libc_nano.a(lib_a-nano-mallocr.o)
 .ARM.attributes
                0x000003c2       0x2c D:\CrossIDE\arm-none-eabi\lib\thumb\v6-m\libc_nano.a(lib_a-printf.o)
 .ARM.attributes
                0x000003ee       0x2c D:\CrossIDE\arm-none-eabi\lib\thumb\v6-m\libc_nano.a(lib_a-putchar.o)
 .ARM.attributes
                0x0000041a       0x2c D:\CrossIDE\arm-none-eabi\lib\thumb\v6-m\libc_nano.a(lib_a-reent.o)
 .ARM.attributes
                0x00000446       0x2c D:\CrossIDE\arm-none-eabi\lib\thumb\v6-m\libc_nano.a(lib_a-rget.o)
 .ARM.attributes
                0x00000472       0x2c D:\CrossIDE\arm-none-eabi\lib\thumb\v6-m\libc_nano.a(lib_a-sbrkr.o)
 .ARM.attributes
                0x0000049e       0x2c D:\CrossIDE\arm-none-eabi\lib\thumb\v6-m\libc_nano.a(lib_a-stdio.o)
 .ARM.attributes
                0x000004ca       0x1c D:\CrossIDE\arm-none-eabi\lib\thumb\v6-m\libc_nano.a(lib_a-strcmp.o)
 .ARM.attributes
                0x000004e6       0x2c D:\CrossIDE\arm-none-eabi\lib\thumb\v6-m\libc_nano.a(lib_a-writer.o)
 .ARM.attributes
                0x00000512       0x2c D:\CrossIDE\arm-none-eabi\lib\thumb\v6-m\libc_nano.a(lib_a-closer.o)
 .ARM.attributes
                0x0000053e       0x2c D:\CrossIDE\arm-none-eabi\lib\thumb\v6-m\libc_nano.a(lib_a-lseekr.o)
 .ARM.attributes
                0x0000056a       0x2c D:\CrossIDE\arm-none-eabi\lib\thumb\v6-m\libc_nano.a(lib_a-mlock.o)
 .ARM.attributes
                0x00000596       0x2c D:\CrossIDE\arm-none-eabi\lib\thumb\v6-m\libc_nano.a(lib_a-nano-vfprintf.o)
 .ARM.attributes
                0x000005c2       0x2c D:\CrossIDE\arm-none-eabi\lib\thumb\v6-m\libc_nano.a(lib_a-nano-vfprintf_i.o)
 .ARM.attributes
                0x000005ee       0x2c D:\CrossIDE\arm-none-eabi\lib\thumb\v6-m\libc_nano.a(lib_a-putc.o)
 .ARM.attributes
                0x0000061a       0x2c D:\CrossIDE\arm-none-eabi\lib\thumb\v6-m\libc_nano.a(lib_a-readr.o)
 .ARM.attributes
                0x00000646       0x2c D:\CrossIDE\arm-none-eabi\lib\thumb\v6-m\libc_nano.a(lib_a-refill.o)
 .ARM.attributes
                0x00000672       0x2c D:\CrossIDE\arm-none-eabi\lib\thumb\v6-m\libc_nano.a(lib_a-wbuf.o)
 .ARM.attributes
                0x0000069e       0x2c D:\CrossIDE\arm-none-eabi\lib\thumb\v6-m\libc_nano.a(lib_a-wsetup.o)
 .ARM.attributes
                0x000006ca       0x2c D:\CrossIDE\arm-none-eabi\lib\thumb\v6-m\libc_nano.a(lib_a-fvwrite.o)
 .ARM.attributes
                0x000006f6       0x2c D:\CrossIDE\arm-none-eabi\lib\thumb\v6-m\libc_nano.a(lib_a-makebuf.o)
 .ARM.attributes
                0x00000722       0x2c D:\CrossIDE\arm-none-eabi\lib\thumb\v6-m\libc_nano.a(lib_a-memchr-stub.o)
 .ARM.attributes
                0x0000074e       0x2c D:\CrossIDE\arm-none-eabi\lib\thumb\v6-m\libc_nano.a(lib_a-memcpy-stub.o)
 .ARM.attributes
                0x0000077a       0x2c D:\CrossIDE\arm-none-eabi\lib\thumb\v6-m\libc_nano.a(lib_a-memmove.o)
 .ARM.attributes
                0x000007a6       0x2c D:\CrossIDE\arm-none-eabi\lib\thumb\v6-m\libc_nano.a(lib_a-nano-reallocr.o)
 .ARM.attributes
                0x000007d2       0x2c D:\CrossIDE\arm-none-eabi\lib\thumb\v6-m\libc_nano.a(lib_a-fstatr.o)
 .ARM.attributes
                0x000007fe       0x2c D:\CrossIDE\arm-none-eabi\lib\thumb\v6-m\libc_nano.a(lib_a-isattyr.o)
 .ARM.attributes
                0x0000082a       0x2c D:\CrossIDE\arm-none-eabi\lib\thumb\v6-m\libc_nano.a(lib_a-nano-msizer.o)

.debug_frame    0x00000000     0x10f8
 .debug_frame   0x00000000       0x84 init.o
 .debug_frame   0x00000084      0x260 main.o
 .debug_frame   0x000002e4      0x168 serial.o
 .debug_frame   0x0000044c      0x228 newlib_stubs.o
 .debug_frame   0x00000674       0x20 D:\CrossIDE\lib\gcc\arm-none-eabi\6.3.1\thumb\v6-m\libgcc.a(_divsi3.o)
 .debug_frame   0x00000694       0x3c D:\CrossIDE\lib\gcc\arm-none-eabi\6.3.1\thumb\v6-m\libgcc.a(divsf3.o)
 .debug_frame   0x000006d0       0x2c D:\CrossIDE\lib\gcc\arm-none-eabi\6.3.1\thumb\v6-m\libgcc.a(eqsf2.o)
 .debug_frame   0x000006fc       0x30 D:\CrossIDE\lib\gcc\arm-none-eabi\6.3.1\thumb\v6-m\libgcc.a(gesf2.o)
 .debug_frame   0x0000072c       0x30 D:\CrossIDE\lib\gcc\arm-none-eabi\6.3.1\thumb\v6-m\libgcc.a(lesf2.o)
 .debug_frame   0x0000075c       0x3c D:\CrossIDE\lib\gcc\arm-none-eabi\6.3.1\thumb\v6-m\libgcc.a(divdf3.o)
 .debug_frame   0x00000798       0x2c D:\CrossIDE\lib\gcc\arm-none-eabi\6.3.1\thumb\v6-m\libgcc.a(floatsidf.o)
 .debug_frame   0x000007c4       0x30 D:\CrossIDE\lib\gcc\arm-none-eabi\6.3.1\thumb\v6-m\libgcc.a(truncdfsf2.o)
 .debug_frame   0x000007f4       0x20 D:\CrossIDE\lib\gcc\arm-none-eabi\6.3.1\thumb\v6-m\libgcc.a(_udivsi3.o)
 .debug_frame   0x00000814       0x68 D:\CrossIDE\arm-none-eabi\lib\thumb\v6-m\libc_nano.a(lib_a-fflush.o)
 .debug_frame   0x0000087c      0x140 D:\CrossIDE\arm-none-eabi\lib\thumb\v6-m\libc_nano.a(lib_a-findfp.o)
 .debug_frame   0x000009bc       0x58 D:\CrossIDE\arm-none-eabi\lib\thumb\v6-m\libc_nano.a(lib_a-fwalk.o)
 .debug_frame   0x00000a14       0x20 D:\CrossIDE\arm-none-eabi\lib\thumb\v6-m\libc_nano.a(lib_a-memset.o)
 .debug_frame   0x00000a34       0x2c D:\CrossIDE\arm-none-eabi\lib\thumb\v6-m\libc_nano.a(lib_a-nano-freer.o)
 .debug_frame   0x00000a60       0x2c D:\CrossIDE\arm-none-eabi\lib\thumb\v6-m\libc_nano.a(lib_a-nano-mallocr.o)
 .debug_frame   0x00000a8c       0x50 D:\CrossIDE\arm-none-eabi\lib\thumb\v6-m\libc_nano.a(lib_a-printf.o)
 .debug_frame   0x00000adc       0x48 D:\CrossIDE\arm-none-eabi\lib\thumb\v6-m\libc_nano.a(lib_a-putchar.o)
 .debug_frame   0x00000b24       0x48 D:\CrossIDE\arm-none-eabi\lib\thumb\v6-m\libc_nano.a(lib_a-reent.o)
 .debug_frame   0x00000b6c       0x44 D:\CrossIDE\arm-none-eabi\lib\thumb\v6-m\libc_nano.a(lib_a-rget.o)
 .debug_frame   0x00000bb0       0x2c D:\CrossIDE\arm-none-eabi\lib\thumb\v6-m\libc_nano.a(lib_a-sbrkr.o)
 .debug_frame   0x00000bdc       0x90 D:\CrossIDE\arm-none-eabi\lib\thumb\v6-m\libc_nano.a(lib_a-stdio.o)
 .debug_frame   0x00000c6c       0x20 D:\CrossIDE\arm-none-eabi\lib\thumb\v6-m\libc_nano.a(lib_a-strcmp.o)
 .debug_frame   0x00000c8c       0x2c D:\CrossIDE\arm-none-eabi\lib\thumb\v6-m\libc_nano.a(lib_a-writer.o)
 .debug_frame   0x00000cb8       0x2c D:\CrossIDE\arm-none-eabi\lib\thumb\v6-m\libc_nano.a(lib_a-closer.o)
 .debug_frame   0x00000ce4       0x2c D:\CrossIDE\arm-none-eabi\lib\thumb\v6-m\libc_nano.a(lib_a-lseekr.o)
 .debug_frame   0x00000d10       0x30 D:\CrossIDE\arm-none-eabi\lib\thumb\v6-m\libc_nano.a(lib_a-mlock.o)
 .debug_frame   0x00000d40       0x9c D:\CrossIDE\arm-none-eabi\lib\thumb\v6-m\libc_nano.a(lib_a-nano-vfprintf.o)
 .debug_frame   0x00000ddc       0x54 D:\CrossIDE\arm-none-eabi\lib\thumb\v6-m\libc_nano.a(lib_a-nano-vfprintf_i.o)
 .debug_frame   0x00000e30       0x44 D:\CrossIDE\arm-none-eabi\lib\thumb\v6-m\libc_nano.a(lib_a-putc.o)
 .debug_frame   0x00000e74       0x2c D:\CrossIDE\arm-none-eabi\lib\thumb\v6-m\libc_nano.a(lib_a-readr.o)
 .debug_frame   0x00000ea0       0x48 D:\CrossIDE\arm-none-eabi\lib\thumb\v6-m\libc_nano.a(lib_a-refill.o)
 .debug_frame   0x00000ee8       0x48 D:\CrossIDE\arm-none-eabi\lib\thumb\v6-m\libc_nano.a(lib_a-wbuf.o)
 .debug_frame   0x00000f30       0x2c D:\CrossIDE\arm-none-eabi\lib\thumb\v6-m\libc_nano.a(lib_a-wsetup.o)
 .debug_frame   0x00000f5c       0x30 D:\CrossIDE\arm-none-eabi\lib\thumb\v6-m\libc_nano.a(lib_a-fvwrite.o)
 .debug_frame   0x00000f8c       0x54 D:\CrossIDE\arm-none-eabi\lib\thumb\v6-m\libc_nano.a(lib_a-makebuf.o)
 .debug_frame   0x00000fe0       0x20 D:\CrossIDE\arm-none-eabi\lib\thumb\v6-m\libc_nano.a(lib_a-memchr-stub.o)
 .debug_frame   0x00001000       0x28 D:\CrossIDE\arm-none-eabi\lib\thumb\v6-m\libc_nano.a(lib_a-memcpy-stub.o)
 .debug_frame   0x00001028       0x28 D:\CrossIDE\arm-none-eabi\lib\thumb\v6-m\libc_nano.a(lib_a-memmove.o)
 .debug_frame   0x00001050       0x30 D:\CrossIDE\arm-none-eabi\lib\thumb\v6-m\libc_nano.a(lib_a-nano-reallocr.o)
 .debug_frame   0x00001080       0x2c D:\CrossIDE\arm-none-eabi\lib\thumb\v6-m\libc_nano.a(lib_a-fstatr.o)
 .debug_frame   0x000010ac       0x2c D:\CrossIDE\arm-none-eabi\lib\thumb\v6-m\libc_nano.a(lib_a-isattyr.o)
 .debug_frame   0x000010d8       0x20 D:\CrossIDE\arm-none-eabi\lib\thumb\v6-m\libc_nano.a(lib_a-nano-msizer.o)

Cross Reference Table

Symbol                                            File
ADC_Calibration                                   main.o
ArmPWM1                                           main.o
ArmPWM2                                           main.o
BSS_END                                           init.o
BSS_START                                         init.o
ConfigPins                                        main.o
Default_Handler                                   init.o
GetPeriod                                         main.o
HexDigit                                          serial.o
INIT_DATA_END                                     init.o
INIT_DATA_START                                   init.o
INIT_DATA_VALUES                                  init.o
InitADC                                           main.o
InitMRTimers                                      main.o
MRT_IRQ_Handler                                   main.o
                                                  init.o
PrintNumber                                       serial.o
ReadADC                                           main.o
Test_Handler                                      init.o
UART0_isr                                         serial.o
                                                  init.o
Vectors                                           init.o
__aeabi_cfcmpeq                                   D:\CrossIDE\lib\gcc\arm-none-eabi\6.3.1\thumb\v6-m\libgcc.a(_arm_cmpsf2.o)
__aeabi_cfcmple                                   D:\CrossIDE\lib\gcc\arm-none-eabi\6.3.1\thumb\v6-m\libgcc.a(_arm_cmpsf2.o)
__aeabi_cfrcmple                                  D:\CrossIDE\lib\gcc\arm-none-eabi\6.3.1\thumb\v6-m\libgcc.a(_arm_cmpsf2.o)
__aeabi_d2f                                       D:\CrossIDE\lib\gcc\arm-none-eabi\6.3.1\thumb\v6-m\libgcc.a(truncdfsf2.o)
                                                  main.o
__aeabi_ddiv                                      D:\CrossIDE\lib\gcc\arm-none-eabi\6.3.1\thumb\v6-m\libgcc.a(divdf3.o)
                                                  main.o
__aeabi_fcmpeq                                    D:\CrossIDE\lib\gcc\arm-none-eabi\6.3.1\thumb\v6-m\libgcc.a(_arm_cmpsf2.o)
__aeabi_fcmpge                                    D:\CrossIDE\lib\gcc\arm-none-eabi\6.3.1\thumb\v6-m\libgcc.a(_arm_cmpsf2.o)
__aeabi_fcmpgt                                    D:\CrossIDE\lib\gcc\arm-none-eabi\6.3.1\thumb\v6-m\libgcc.a(_arm_cmpsf2.o)
                                                  main.o
__aeabi_fcmple                                    D:\CrossIDE\lib\gcc\arm-none-eabi\6.3.1\thumb\v6-m\libgcc.a(_arm_cmpsf2.o)
__aeabi_fcmplt                                    D:\CrossIDE\lib\gcc\arm-none-eabi\6.3.1\thumb\v6-m\libgcc.a(_arm_cmpsf2.o)
__aeabi_fdiv                                      D:\CrossIDE\lib\gcc\arm-none-eabi\6.3.1\thumb\v6-m\libgcc.a(divsf3.o)
                                                  main.o
__aeabi_i2d                                       D:\CrossIDE\lib\gcc\arm-none-eabi\6.3.1\thumb\v6-m\libgcc.a(floatsidf.o)
                                                  main.o
__aeabi_idiv                                      D:\CrossIDE\lib\gcc\arm-none-eabi\6.3.1\thumb\v6-m\libgcc.a(_divsi3.o)
                                                  D:\CrossIDE\arm-none-eabi\lib\thumb\v6-m\libc_nano.a(lib_a-fvwrite.o)
                                                  serial.o
                                                  main.o
__aeabi_idiv0                                     D:\CrossIDE\lib\gcc\arm-none-eabi\6.3.1\thumb\v6-m\libgcc.a(_dvmd_tls.o)
                                                  D:\CrossIDE\lib\gcc\arm-none-eabi\6.3.1\thumb\v6-m\libgcc.a(_udivsi3.o)
                                                  D:\CrossIDE\lib\gcc\arm-none-eabi\6.3.1\thumb\v6-m\libgcc.a(_divsi3.o)
__aeabi_idivmod                                   D:\CrossIDE\lib\gcc\arm-none-eabi\6.3.1\thumb\v6-m\libgcc.a(_divsi3.o)
                                                  serial.o
__aeabi_ldiv0                                     D:\CrossIDE\lib\gcc\arm-none-eabi\6.3.1\thumb\v6-m\libgcc.a(_dvmd_tls.o)
__aeabi_uidiv                                     D:\CrossIDE\lib\gcc\arm-none-eabi\6.3.1\thumb\v6-m\libgcc.a(_udivsi3.o)
                                                  D:\CrossIDE\arm-none-eabi\lib\thumb\v6-m\libc_nano.a(lib_a-nano-vfprintf_i.o)
                                                  D:\CrossIDE\lib\gcc\arm-none-eabi\6.3.1\thumb\v6-m\libgcc.a(divdf3.o)
__aeabi_uidivmod                                  D:\CrossIDE\lib\gcc\arm-none-eabi\6.3.1\thumb\v6-m\libgcc.a(_udivsi3.o)
                                                  D:\CrossIDE\arm-none-eabi\lib\thumb\v6-m\libc_nano.a(lib_a-nano-vfprintf_i.o)
                                                  D:\CrossIDE\lib\gcc\arm-none-eabi\6.3.1\thumb\v6-m\libgcc.a(divdf3.o)
__clzsi2                                          D:\CrossIDE\lib\gcc\arm-none-eabi\6.3.1\thumb\v6-m\libgcc.a(_clzsi2.o)
                                                  D:\CrossIDE\lib\gcc\arm-none-eabi\6.3.1\thumb\v6-m\libgcc.a(floatsidf.o)
                                                  D:\CrossIDE\lib\gcc\arm-none-eabi\6.3.1\thumb\v6-m\libgcc.a(divdf3.o)
                                                  D:\CrossIDE\lib\gcc\arm-none-eabi\6.3.1\thumb\v6-m\libgcc.a(divsf3.o)
__divsi3                                          D:\CrossIDE\lib\gcc\arm-none-eabi\6.3.1\thumb\v6-m\libgcc.a(_divsi3.o)
__env                                             newlib_stubs.o
__eqsf2                                           D:\CrossIDE\lib\gcc\arm-none-eabi\6.3.1\thumb\v6-m\libgcc.a(eqsf2.o)
                                                  D:\CrossIDE\lib\gcc\arm-none-eabi\6.3.1\thumb\v6-m\libgcc.a(_arm_cmpsf2.o)
__fp_lock_all                                     D:\CrossIDE\arm-none-eabi\lib\thumb\v6-m\libc_nano.a(lib_a-findfp.o)
__fp_unlock_all                                   D:\CrossIDE\arm-none-eabi\lib\thumb\v6-m\libc_nano.a(lib_a-findfp.o)
__gesf2                                           D:\CrossIDE\lib\gcc\arm-none-eabi\6.3.1\thumb\v6-m\libgcc.a(gesf2.o)
                                                  D:\CrossIDE\lib\gcc\arm-none-eabi\6.3.1\thumb\v6-m\libgcc.a(_arm_cmpsf2.o)
__gtsf2                                           D:\CrossIDE\lib\gcc\arm-none-eabi\6.3.1\thumb\v6-m\libgcc.a(gesf2.o)
__lesf2                                           D:\CrossIDE\lib\gcc\arm-none-eabi\6.3.1\thumb\v6-m\libgcc.a(lesf2.o)
                                                  D:\CrossIDE\lib\gcc\arm-none-eabi\6.3.1\thumb\v6-m\libgcc.a(_arm_cmpsf2.o)
__ltsf2                                           D:\CrossIDE\lib\gcc\arm-none-eabi\6.3.1\thumb\v6-m\libgcc.a(lesf2.o)
__malloc_free_list                                D:\CrossIDE\arm-none-eabi\lib\thumb\v6-m\libc_nano.a(lib_a-nano-mallocr.o)
                                                  D:\CrossIDE\arm-none-eabi\lib\thumb\v6-m\libc_nano.a(lib_a-nano-freer.o)
__malloc_lock                                     D:\CrossIDE\arm-none-eabi\lib\thumb\v6-m\libc_nano.a(lib_a-mlock.o)
                                                  D:\CrossIDE\arm-none-eabi\lib\thumb\v6-m\libc_nano.a(lib_a-nano-mallocr.o)
                                                  D:\CrossIDE\arm-none-eabi\lib\thumb\v6-m\libc_nano.a(lib_a-nano-freer.o)
__malloc_sbrk_start                               D:\CrossIDE\arm-none-eabi\lib\thumb\v6-m\libc_nano.a(lib_a-nano-mallocr.o)
__malloc_unlock                                   D:\CrossIDE\arm-none-eabi\lib\thumb\v6-m\libc_nano.a(lib_a-mlock.o)
                                                  D:\CrossIDE\arm-none-eabi\lib\thumb\v6-m\libc_nano.a(lib_a-nano-mallocr.o)
                                                  D:\CrossIDE\arm-none-eabi\lib\thumb\v6-m\libc_nano.a(lib_a-nano-freer.o)
__nesf2                                           D:\CrossIDE\lib\gcc\arm-none-eabi\6.3.1\thumb\v6-m\libgcc.a(eqsf2.o)
__sclose                                          D:\CrossIDE\arm-none-eabi\lib\thumb\v6-m\libc_nano.a(lib_a-stdio.o)
                                                  D:\CrossIDE\arm-none-eabi\lib\thumb\v6-m\libc_nano.a(lib_a-findfp.o)
__seofread                                        D:\CrossIDE\arm-none-eabi\lib\thumb\v6-m\libc_nano.a(lib_a-stdio.o)
__sf_fake_stderr                                  D:\CrossIDE\arm-none-eabi\lib\thumb\v6-m\libc_nano.a(lib_a-findfp.o)
                                                  D:\CrossIDE\arm-none-eabi\lib\thumb\v6-m\libc_nano.a(lib_a-wsetup.o)
                                                  D:\CrossIDE\arm-none-eabi\lib\thumb\v6-m\libc_nano.a(lib_a-wbuf.o)
                                                  D:\CrossIDE\arm-none-eabi\lib\thumb\v6-m\libc_nano.a(lib_a-refill.o)
                                                  D:\CrossIDE\arm-none-eabi\lib\thumb\v6-m\libc_nano.a(lib_a-putc.o)
                                                  D:\CrossIDE\arm-none-eabi\lib\thumb\v6-m\libc_nano.a(lib_a-nano-vfprintf.o)
                                                  D:\CrossIDE\arm-none-eabi\lib\thumb\v6-m\libc_nano.a(lib_a-rget.o)
                                                  D:\CrossIDE\arm-none-eabi\lib\thumb\v6-m\libc_nano.a(lib_a-impure.o)
                                                  D:\CrossIDE\arm-none-eabi\lib\thumb\v6-m\libc_nano.a(lib_a-fflush.o)
__sf_fake_stdin                                   D:\CrossIDE\arm-none-eabi\lib\thumb\v6-m\libc_nano.a(lib_a-findfp.o)
                                                  D:\CrossIDE\arm-none-eabi\lib\thumb\v6-m\libc_nano.a(lib_a-wsetup.o)
                                                  D:\CrossIDE\arm-none-eabi\lib\thumb\v6-m\libc_nano.a(lib_a-wbuf.o)
                                                  D:\CrossIDE\arm-none-eabi\lib\thumb\v6-m\libc_nano.a(lib_a-refill.o)
                                                  D:\CrossIDE\arm-none-eabi\lib\thumb\v6-m\libc_nano.a(lib_a-putc.o)
                                                  D:\CrossIDE\arm-none-eabi\lib\thumb\v6-m\libc_nano.a(lib_a-nano-vfprintf.o)
                                                  D:\CrossIDE\arm-none-eabi\lib\thumb\v6-m\libc_nano.a(lib_a-rget.o)
                                                  D:\CrossIDE\arm-none-eabi\lib\thumb\v6-m\libc_nano.a(lib_a-impure.o)
                                                  D:\CrossIDE\arm-none-eabi\lib\thumb\v6-m\libc_nano.a(lib_a-fflush.o)
__sf_fake_stdout                                  D:\CrossIDE\arm-none-eabi\lib\thumb\v6-m\libc_nano.a(lib_a-findfp.o)
                                                  D:\CrossIDE\arm-none-eabi\lib\thumb\v6-m\libc_nano.a(lib_a-wsetup.o)
                                                  D:\CrossIDE\arm-none-eabi\lib\thumb\v6-m\libc_nano.a(lib_a-wbuf.o)
                                                  D:\CrossIDE\arm-none-eabi\lib\thumb\v6-m\libc_nano.a(lib_a-refill.o)
                                                  D:\CrossIDE\arm-none-eabi\lib\thumb\v6-m\libc_nano.a(lib_a-putc.o)
                                                  D:\CrossIDE\arm-none-eabi\lib\thumb\v6-m\libc_nano.a(lib_a-nano-vfprintf.o)
                                                  D:\CrossIDE\arm-none-eabi\lib\thumb\v6-m\libc_nano.a(lib_a-rget.o)
                                                  D:\CrossIDE\arm-none-eabi\lib\thumb\v6-m\libc_nano.a(lib_a-impure.o)
                                                  D:\CrossIDE\arm-none-eabi\lib\thumb\v6-m\libc_nano.a(lib_a-fflush.o)
__sflush_r                                        D:\CrossIDE\arm-none-eabi\lib\thumb\v6-m\libc_nano.a(lib_a-fflush.o)
                                                  D:\CrossIDE\arm-none-eabi\lib\thumb\v6-m\libc_nano.a(lib_a-refill.o)
__sfmoreglue                                      D:\CrossIDE\arm-none-eabi\lib\thumb\v6-m\libc_nano.a(lib_a-findfp.o)
__sfp                                             D:\CrossIDE\arm-none-eabi\lib\thumb\v6-m\libc_nano.a(lib_a-findfp.o)
__sfp_lock_acquire                                D:\CrossIDE\arm-none-eabi\lib\thumb\v6-m\libc_nano.a(lib_a-findfp.o)
__sfp_lock_release                                D:\CrossIDE\arm-none-eabi\lib\thumb\v6-m\libc_nano.a(lib_a-findfp.o)
__sfputs_r                                        D:\CrossIDE\arm-none-eabi\lib\thumb\v6-m\libc_nano.a(lib_a-nano-vfprintf.o)
__sfvwrite_r                                      D:\CrossIDE\arm-none-eabi\lib\thumb\v6-m\libc_nano.a(lib_a-fvwrite.o)
                                                  D:\CrossIDE\arm-none-eabi\lib\thumb\v6-m\libc_nano.a(lib_a-nano-vfprintf.o)
__sinit                                           D:\CrossIDE\arm-none-eabi\lib\thumb\v6-m\libc_nano.a(lib_a-findfp.o)
                                                  D:\CrossIDE\arm-none-eabi\lib\thumb\v6-m\libc_nano.a(lib_a-wsetup.o)
                                                  D:\CrossIDE\arm-none-eabi\lib\thumb\v6-m\libc_nano.a(lib_a-wbuf.o)
                                                  D:\CrossIDE\arm-none-eabi\lib\thumb\v6-m\libc_nano.a(lib_a-refill.o)
                                                  D:\CrossIDE\arm-none-eabi\lib\thumb\v6-m\libc_nano.a(lib_a-putc.o)
                                                  D:\CrossIDE\arm-none-eabi\lib\thumb\v6-m\libc_nano.a(lib_a-nano-vfprintf.o)
                                                  D:\CrossIDE\arm-none-eabi\lib\thumb\v6-m\libc_nano.a(lib_a-rget.o)
                                                  D:\CrossIDE\arm-none-eabi\lib\thumb\v6-m\libc_nano.a(lib_a-putchar.o)
                                                  D:\CrossIDE\arm-none-eabi\lib\thumb\v6-m\libc_nano.a(lib_a-printf.o)
                                                  D:\CrossIDE\arm-none-eabi\lib\thumb\v6-m\libc_nano.a(lib_a-fflush.o)
__sinit_lock_acquire                              D:\CrossIDE\arm-none-eabi\lib\thumb\v6-m\libc_nano.a(lib_a-findfp.o)
__sinit_lock_release                              D:\CrossIDE\arm-none-eabi\lib\thumb\v6-m\libc_nano.a(lib_a-findfp.o)
__smakebuf_r                                      D:\CrossIDE\arm-none-eabi\lib\thumb\v6-m\libc_nano.a(lib_a-makebuf.o)
                                                  D:\CrossIDE\arm-none-eabi\lib\thumb\v6-m\libc_nano.a(lib_a-wsetup.o)
                                                  D:\CrossIDE\arm-none-eabi\lib\thumb\v6-m\libc_nano.a(lib_a-refill.o)
__sprint_r                                        D:\CrossIDE\arm-none-eabi\lib\thumb\v6-m\libc_nano.a(lib_a-nano-vfprintf.o)
__sread                                           D:\CrossIDE\arm-none-eabi\lib\thumb\v6-m\libc_nano.a(lib_a-stdio.o)
                                                  D:\CrossIDE\arm-none-eabi\lib\thumb\v6-m\libc_nano.a(lib_a-findfp.o)
__srefill_r                                       D:\CrossIDE\arm-none-eabi\lib\thumb\v6-m\libc_nano.a(lib_a-refill.o)
                                                  D:\CrossIDE\arm-none-eabi\lib\thumb\v6-m\libc_nano.a(lib_a-rget.o)
__srget                                           D:\CrossIDE\arm-none-eabi\lib\thumb\v6-m\libc_nano.a(lib_a-rget.o)
__srget_r                                         D:\CrossIDE\arm-none-eabi\lib\thumb\v6-m\libc_nano.a(lib_a-rget.o)
                                                  main.o
__sseek                                           D:\CrossIDE\arm-none-eabi\lib\thumb\v6-m\libc_nano.a(lib_a-stdio.o)
                                                  D:\CrossIDE\arm-none-eabi\lib\thumb\v6-m\libc_nano.a(lib_a-findfp.o)
__swbuf                                           D:\CrossIDE\arm-none-eabi\lib\thumb\v6-m\libc_nano.a(lib_a-wbuf.o)
__swbuf_r                                         D:\CrossIDE\arm-none-eabi\lib\thumb\v6-m\libc_nano.a(lib_a-wbuf.o)
                                                  D:\CrossIDE\arm-none-eabi\lib\thumb\v6-m\libc_nano.a(lib_a-putc.o)
                                                  D:\CrossIDE\arm-none-eabi\lib\thumb\v6-m\libc_nano.a(lib_a-nano-vfprintf.o)
__swhatbuf_r                                      D:\CrossIDE\arm-none-eabi\lib\thumb\v6-m\libc_nano.a(lib_a-makebuf.o)
__swrite                                          D:\CrossIDE\arm-none-eabi\lib\thumb\v6-m\libc_nano.a(lib_a-stdio.o)
                                                  D:\CrossIDE\arm-none-eabi\lib\thumb\v6-m\libc_nano.a(lib_a-findfp.o)
__swsetup_r                                       D:\CrossIDE\arm-none-eabi\lib\thumb\v6-m\libc_nano.a(lib_a-wsetup.o)
                                                  D:\CrossIDE\arm-none-eabi\lib\thumb\v6-m\libc_nano.a(lib_a-fvwrite.o)
                                                  D:\CrossIDE\arm-none-eabi\lib\thumb\v6-m\libc_nano.a(lib_a-wbuf.o)
                                                  D:\CrossIDE\arm-none-eabi\lib\thumb\v6-m\libc_nano.a(lib_a-nano-vfprintf.o)
__udivsi3                                         D:\CrossIDE\lib\gcc\arm-none-eabi\6.3.1\thumb\v6-m\libgcc.a(_udivsi3.o)
_cleanup                                          D:\CrossIDE\arm-none-eabi\lib\thumb\v6-m\libc_nano.a(lib_a-findfp.o)
_cleanup_r                                        D:\CrossIDE\arm-none-eabi\lib\thumb\v6-m\libc_nano.a(lib_a-findfp.o)
                                                  D:\CrossIDE\arm-none-eabi\lib\thumb\v6-m\libc_nano.a(lib_a-makebuf.o)
_close                                            newlib_stubs.o
                                                  D:\CrossIDE\arm-none-eabi\lib\thumb\v6-m\libc_nano.a(lib_a-closer.o)
_close_r                                          D:\CrossIDE\arm-none-eabi\lib\thumb\v6-m\libc_nano.a(lib_a-closer.o)
                                                  D:\CrossIDE\arm-none-eabi\lib\thumb\v6-m\libc_nano.a(lib_a-stdio.o)
_execve                                           newlib_stubs.o
_exit                                             newlib_stubs.o
_fflush_r                                         D:\CrossIDE\arm-none-eabi\lib\thumb\v6-m\libc_nano.a(lib_a-fflush.o)
                                                  D:\CrossIDE\arm-none-eabi\lib\thumb\v6-m\libc_nano.a(lib_a-fvwrite.o)
                                                  D:\CrossIDE\arm-none-eabi\lib\thumb\v6-m\libc_nano.a(lib_a-wbuf.o)
                                                  D:\CrossIDE\arm-none-eabi\lib\thumb\v6-m\libc_nano.a(lib_a-refill.o)
                                                  D:\CrossIDE\arm-none-eabi\lib\thumb\v6-m\libc_nano.a(lib_a-findfp.o)
_fork                                             newlib_stubs.o
_free_r                                           D:\CrossIDE\arm-none-eabi\lib\thumb\v6-m\libc_nano.a(lib_a-nano-freer.o)
                                                  D:\CrossIDE\arm-none-eabi\lib\thumb\v6-m\libc_nano.a(lib_a-nano-reallocr.o)
                                                  D:\CrossIDE\arm-none-eabi\lib\thumb\v6-m\libc_nano.a(lib_a-fvwrite.o)
                                                  D:\CrossIDE\arm-none-eabi\lib\thumb\v6-m\libc_nano.a(lib_a-wsetup.o)
                                                  D:\CrossIDE\arm-none-eabi\lib\thumb\v6-m\libc_nano.a(lib_a-refill.o)
                                                  D:\CrossIDE\arm-none-eabi\lib\thumb\v6-m\libc_nano.a(lib_a-reent.o)
                                                  D:\CrossIDE\arm-none-eabi\lib\thumb\v6-m\libc_nano.a(lib_a-fflush.o)
_fstat                                            newlib_stubs.o
                                                  D:\CrossIDE\arm-none-eabi\lib\thumb\v6-m\libc_nano.a(lib_a-fstatr.o)
_fstat_r                                          D:\CrossIDE\arm-none-eabi\lib\thumb\v6-m\libc_nano.a(lib_a-fstatr.o)
                                                  D:\CrossIDE\arm-none-eabi\lib\thumb\v6-m\libc_nano.a(lib_a-makebuf.o)
_fwalk                                            D:\CrossIDE\arm-none-eabi\lib\thumb\v6-m\libc_nano.a(lib_a-fwalk.o)
                                                  D:\CrossIDE\arm-none-eabi\lib\thumb\v6-m\libc_nano.a(lib_a-refill.o)
                                                  D:\CrossIDE\arm-none-eabi\lib\thumb\v6-m\libc_nano.a(lib_a-findfp.o)
_fwalk_reent                                      D:\CrossIDE\arm-none-eabi\lib\thumb\v6-m\libc_nano.a(lib_a-fwalk.o)
                                                  D:\CrossIDE\arm-none-eabi\lib\thumb\v6-m\libc_nano.a(lib_a-findfp.o)
                                                  D:\CrossIDE\arm-none-eabi\lib\thumb\v6-m\libc_nano.a(lib_a-fflush.o)
_getpid                                           newlib_stubs.o
_global_impure_ptr                                D:\CrossIDE\arm-none-eabi\lib\thumb\v6-m\libc_nano.a(lib_a-impure.o)
                                                  D:\CrossIDE\arm-none-eabi\lib\thumb\v6-m\libc_nano.a(lib_a-refill.o)
                                                  D:\CrossIDE\arm-none-eabi\lib\thumb\v6-m\libc_nano.a(lib_a-findfp.o)
                                                  D:\CrossIDE\arm-none-eabi\lib\thumb\v6-m\libc_nano.a(lib_a-fflush.o)
_impure_ptr                                       D:\CrossIDE\arm-none-eabi\lib\thumb\v6-m\libc_nano.a(lib_a-impure.o)
                                                  D:\CrossIDE\arm-none-eabi\lib\thumb\v6-m\libc_nano.a(lib_a-wsetup.o)
                                                  D:\CrossIDE\arm-none-eabi\lib\thumb\v6-m\libc_nano.a(lib_a-wbuf.o)
                                                  D:\CrossIDE\arm-none-eabi\lib\thumb\v6-m\libc_nano.a(lib_a-putc.o)
                                                  D:\CrossIDE\arm-none-eabi\lib\thumb\v6-m\libc_nano.a(lib_a-nano-vfprintf.o)
                                                  D:\CrossIDE\arm-none-eabi\lib\thumb\v6-m\libc_nano.a(lib_a-rget.o)
                                                  D:\CrossIDE\arm-none-eabi\lib\thumb\v6-m\libc_nano.a(lib_a-reent.o)
                                                  D:\CrossIDE\arm-none-eabi\lib\thumb\v6-m\libc_nano.a(lib_a-putchar.o)
                                                  D:\CrossIDE\arm-none-eabi\lib\thumb\v6-m\libc_nano.a(lib_a-printf.o)
                                                  D:\CrossIDE\arm-none-eabi\lib\thumb\v6-m\libc_nano.a(lib_a-findfp.o)
                                                  D:\CrossIDE\arm-none-eabi\lib\thumb\v6-m\libc_nano.a(lib_a-fflush.o)
                                                  main.o
_iprintf_r                                        D:\CrossIDE\arm-none-eabi\lib\thumb\v6-m\libc_nano.a(lib_a-printf.o)
_isatty                                           newlib_stubs.o
                                                  D:\CrossIDE\arm-none-eabi\lib\thumb\v6-m\libc_nano.a(lib_a-isattyr.o)
_isatty_r                                         D:\CrossIDE\arm-none-eabi\lib\thumb\v6-m\libc_nano.a(lib_a-isattyr.o)
                                                  D:\CrossIDE\arm-none-eabi\lib\thumb\v6-m\libc_nano.a(lib_a-makebuf.o)
_kill                                             newlib_stubs.o
_link                                             newlib_stubs.o
_lseek                                            newlib_stubs.o
                                                  D:\CrossIDE\arm-none-eabi\lib\thumb\v6-m\libc_nano.a(lib_a-lseekr.o)
_lseek_r                                          D:\CrossIDE\arm-none-eabi\lib\thumb\v6-m\libc_nano.a(lib_a-lseekr.o)
                                                  D:\CrossIDE\arm-none-eabi\lib\thumb\v6-m\libc_nano.a(lib_a-stdio.o)
_malloc_r                                         D:\CrossIDE\arm-none-eabi\lib\thumb\v6-m\libc_nano.a(lib_a-nano-mallocr.o)
                                                  D:\CrossIDE\arm-none-eabi\lib\thumb\v6-m\libc_nano.a(lib_a-nano-reallocr.o)
                                                  D:\CrossIDE\arm-none-eabi\lib\thumb\v6-m\libc_nano.a(lib_a-makebuf.o)
                                                  D:\CrossIDE\arm-none-eabi\lib\thumb\v6-m\libc_nano.a(lib_a-fvwrite.o)
                                                  D:\CrossIDE\arm-none-eabi\lib\thumb\v6-m\libc_nano.a(lib_a-findfp.o)
_malloc_usable_size_r                             D:\CrossIDE\arm-none-eabi\lib\thumb\v6-m\libc_nano.a(lib_a-nano-msizer.o)
                                                  D:\CrossIDE\arm-none-eabi\lib\thumb\v6-m\libc_nano.a(lib_a-nano-reallocr.o)
_printf_common                                    D:\CrossIDE\arm-none-eabi\lib\thumb\v6-m\libc_nano.a(lib_a-nano-vfprintf_i.o)
_printf_float                                     D:\CrossIDE\arm-none-eabi\lib\thumb\v6-m\libc_nano.a(lib_a-nano-vfprintf.o)
_printf_i                                         D:\CrossIDE\arm-none-eabi\lib\thumb\v6-m\libc_nano.a(lib_a-nano-vfprintf_i.o)
                                                  D:\CrossIDE\arm-none-eabi\lib\thumb\v6-m\libc_nano.a(lib_a-nano-vfprintf.o)
_printf_r                                         D:\CrossIDE\arm-none-eabi\lib\thumb\v6-m\libc_nano.a(lib_a-printf.o)
_putc_r                                           D:\CrossIDE\arm-none-eabi\lib\thumb\v6-m\libc_nano.a(lib_a-putc.o)
                                                  D:\CrossIDE\arm-none-eabi\lib\thumb\v6-m\libc_nano.a(lib_a-putchar.o)
_putchar_r                                        D:\CrossIDE\arm-none-eabi\lib\thumb\v6-m\libc_nano.a(lib_a-putchar.o)
_read                                             newlib_stubs.o
                                                  D:\CrossIDE\arm-none-eabi\lib\thumb\v6-m\libc_nano.a(lib_a-readr.o)
_read_r                                           D:\CrossIDE\arm-none-eabi\lib\thumb\v6-m\libc_nano.a(lib_a-readr.o)
                                                  D:\CrossIDE\arm-none-eabi\lib\thumb\v6-m\libc_nano.a(lib_a-stdio.o)
_realloc_r                                        D:\CrossIDE\arm-none-eabi\lib\thumb\v6-m\libc_nano.a(lib_a-nano-reallocr.o)
                                                  D:\CrossIDE\arm-none-eabi\lib\thumb\v6-m\libc_nano.a(lib_a-fvwrite.o)
_reclaim_reent                                    D:\CrossIDE\arm-none-eabi\lib\thumb\v6-m\libc_nano.a(lib_a-reent.o)
_sbrk                                             newlib_stubs.o
                                                  D:\CrossIDE\arm-none-eabi\lib\thumb\v6-m\libc_nano.a(lib_a-sbrkr.o)
_sbrk_r                                           D:\CrossIDE\arm-none-eabi\lib\thumb\v6-m\libc_nano.a(lib_a-sbrkr.o)
                                                  D:\CrossIDE\arm-none-eabi\lib\thumb\v6-m\libc_nano.a(lib_a-nano-mallocr.o)
_stat                                             newlib_stubs.o
_times                                            newlib_stubs.o
_unlink                                           newlib_stubs.o
_vfiprintf_r                                      D:\CrossIDE\arm-none-eabi\lib\thumb\v6-m\libc_nano.a(lib_a-nano-vfprintf.o)
_vfprintf_r                                       D:\CrossIDE\arm-none-eabi\lib\thumb\v6-m\libc_nano.a(lib_a-nano-vfprintf.o)
                                                  D:\CrossIDE\arm-none-eabi\lib\thumb\v6-m\libc_nano.a(lib_a-printf.o)
_wait                                             newlib_stubs.o
_write                                            newlib_stubs.o
                                                  D:\CrossIDE\arm-none-eabi\lib\thumb\v6-m\libc_nano.a(lib_a-writer.o)
_write_r                                          D:\CrossIDE\arm-none-eabi\lib\thumb\v6-m\libc_nano.a(lib_a-writer.o)
                                                  D:\CrossIDE\arm-none-eabi\lib\thumb\v6-m\libc_nano.a(lib_a-stdio.o)
backward                                          main.o
cleanup_glue                                      D:\CrossIDE\arm-none-eabi\lib\thumb\v6-m\libc_nano.a(lib_a-reent.o)
clock_init                                        init.o
coindetected                                      main.o
coins                                             main.o
counter                                           main.o
counter_turn                                      main.o
delay                                             main.o
egetc                                             serial.o
                                                  newlib_stubs.o
egets                                             serial.o
environ                                           newlib_stubs.o
eputc                                             serial.o
                                                  newlib_stubs.o
eputs                                             serial.o
errno                                             D:\CrossIDE\arm-none-eabi\lib\thumb\v6-m\libc_nano.a(lib_a-reent.o)
                                                  D:\CrossIDE\arm-none-eabi\lib\thumb\v6-m\libc_nano.a(lib_a-isattyr.o)
                                                  D:\CrossIDE\arm-none-eabi\lib\thumb\v6-m\libc_nano.a(lib_a-fstatr.o)
                                                  D:\CrossIDE\arm-none-eabi\lib\thumb\v6-m\libc_nano.a(lib_a-readr.o)
                                                  D:\CrossIDE\arm-none-eabi\lib\thumb\v6-m\libc_nano.a(lib_a-lseekr.o)
                                                  D:\CrossIDE\arm-none-eabi\lib\thumb\v6-m\libc_nano.a(lib_a-closer.o)
                                                  D:\CrossIDE\arm-none-eabi\lib\thumb\v6-m\libc_nano.a(lib_a-writer.o)
                                                  D:\CrossIDE\arm-none-eabi\lib\thumb\v6-m\libc_nano.a(lib_a-sbrkr.o)
                                                  newlib_stubs.o
fflush                                            D:\CrossIDE\arm-none-eabi\lib\thumb\v6-m\libc_nano.a(lib_a-fflush.o)
                                                  D:\CrossIDE\arm-none-eabi\lib\thumb\v6-m\libc_nano.a(lib_a-refill.o)
                                                  main.o
flag                                              main.o
forward                                           main.o
forwards                                          main.o
getBuf                                            serial.o
getReading                                        main.o
getsn                                             main.o
init                                              init.o
initUART                                          serial.o
                                                  main.o
iprintf                                           D:\CrossIDE\arm-none-eabi\lib\thumb\v6-m\libc_nano.a(lib_a-printf.o)
jedsflag                                          main.o
ma                                                main.o
main                                              main.o
                                                  init.o
manualcontrol                                     main.o
memchr                                            D:\CrossIDE\arm-none-eabi\lib\thumb\v6-m\libc_nano.a(lib_a-memchr-stub.o)
                                                  D:\CrossIDE\arm-none-eabi\lib\thumb\v6-m\libc_nano.a(lib_a-fvwrite.o)
                                                  D:\CrossIDE\arm-none-eabi\lib\thumb\v6-m\libc_nano.a(lib_a-nano-vfprintf_i.o)
                                                  D:\CrossIDE\arm-none-eabi\lib\thumb\v6-m\libc_nano.a(lib_a-nano-vfprintf.o)
memcpy                                            D:\CrossIDE\arm-none-eabi\lib\thumb\v6-m\libc_nano.a(lib_a-memcpy-stub.o)
                                                  D:\CrossIDE\arm-none-eabi\lib\thumb\v6-m\libc_nano.a(lib_a-nano-reallocr.o)
                                                  D:\CrossIDE\arm-none-eabi\lib\thumb\v6-m\libc_nano.a(lib_a-fvwrite.o)
memmove                                           D:\CrossIDE\arm-none-eabi\lib\thumb\v6-m\libc_nano.a(lib_a-memmove.o)
                                                  D:\CrossIDE\arm-none-eabi\lib\thumb\v6-m\libc_nano.a(lib_a-fvwrite.o)
memset                                            D:\CrossIDE\arm-none-eabi\lib\thumb\v6-m\libc_nano.a(lib_a-memset.o)
                                                  D:\CrossIDE\arm-none-eabi\lib\thumb\v6-m\libc_nano.a(lib_a-findfp.o)
perimeterdetected                                 main.o
pickmeup                                          main.o
printString                                       serial.o
                                                  newlib_stubs.o
                                                  init.o
printf                                            D:\CrossIDE\arm-none-eabi\lib\thumb\v6-m\libc_nano.a(lib_a-printf.o)
                                                  main.o
putBuf                                            serial.o
putc                                              D:\CrossIDE\arm-none-eabi\lib\thumb\v6-m\libc_nano.a(lib_a-putc.o)
putchar                                           D:\CrossIDE\arm-none-eabi\lib\thumb\v6-m\libc_nano.a(lib_a-putchar.o)
                                                  main.o
pwm_count                                         main.o
pwm_count2                                        main.o
pwm_count_turn                                    main.o
raveisover                                        main.o
rx_count                                          serial.o
spin                                              main.o
spin_dir                                          main.o
state                                             main.o
state_turn                                        main.o
stop                                              main.o
strcmp                                            D:\CrossIDE\arm-none-eabi\lib\thumb\v6-m\libc_nano.a(lib_a-strcmp.o)
                                                  main.o
turnaround                                        main.o
vfiprintf                                         D:\CrossIDE\arm-none-eabi\lib\thumb\v6-m\libc_nano.a(lib_a-nano-vfprintf.o)
vfprintf                                          D:\CrossIDE\arm-none-eabi\lib\thumb\v6-m\libc_nano.a(lib_a-nano-vfprintf.o)
wait_1ms                                          main.o
waitms                                            main.o
wheels                                            main.o
